14:15:55 **** Build of project programator_bsp ****
make -k all 
"Running Make include in microblaze_0/libsrc/bram_v4_0/src"
make -C microblaze_0/libsrc/bram_v4_0/src -s include  "SHELL=CMD" "COMPILER=mb-gcc" "ARCHIVER=mb-ar" "COMPILER_FLAGS= -O2 -c -mcpu=v9.5 -mlittle-endian -mxl-soft-mul" "EXTRA_COMPILER_FLAGS=-g"
"Running Make include in microblaze_0/libsrc/cpu_v2_3/src"
make -C microblaze_0/libsrc/cpu_v2_3/src -s include  "SHELL=CMD" "COMPILER=mb-gcc" "ARCHIVER=mb-ar" "COMPILER_FLAGS= -O2 -c -mcpu=v9.5 -mlittle-endian -mxl-soft-mul" "EXTRA_COMPILER_FLAGS=-g"
"Running Make include in microblaze_0/libsrc/gpio_v4_0/src"
make -C microblaze_0/libsrc/gpio_v4_0/src -s include  "SHELL=CMD" "COMPILER=mb-gcc" "ARCHIVER=mb-ar" "COMPILER_FLAGS= -O2 -c -mcpu=v9.5 -mlittle-endian -mxl-soft-mul" "EXTRA_COMPILER_FLAGS=-g"
"Running Make include in microblaze_0/libsrc/intc_v3_3/src"
make -C microblaze_0/libsrc/intc_v3_3/src -s include  "SHELL=CMD" "COMPILER=mb-gcc" "ARCHIVER=mb-ar" "COMPILER_FLAGS= -O2 -c -mcpu=v9.5 -mlittle-endian -mxl-soft-mul" "EXTRA_COMPILER_FLAGS=-g"
"Running Make include in microblaze_0/libsrc/spi_v4_1/src"
make -C microblaze_0/libsrc/spi_v4_1/src -s include  "SHELL=CMD" "COMPILER=mb-gcc" "ARCHIVER=mb-ar" "COMPILER_FLAGS= -O2 -c -mcpu=v9.5 -mlittle-endian -mxl-soft-mul" "EXTRA_COMPILER_FLAGS=-g"
"Running Make include in microblaze_0/libsrc/standalone_v5_1/src"
make -C microblaze_0/libsrc/standalone_v5_1/src -s include  "SHELL=CMD" "COMPILER=mb-gcc" "ARCHIVER=mb-ar" "COMPILER_FLAGS= -O2 -c -mcpu=v9.5 -mlittle-endian -mxl-soft-mul" "EXTRA_COMPILER_FLAGS=-g"
"Running Make include in microblaze_0/libsrc/uartlite_v3_0/src"
make -C microblaze_0/libsrc/uartlite_v3_0/src -s include  "SHELL=CMD" "COMPILER=mb-gcc" "ARCHIVER=mb-ar" "COMPILER_FLAGS= -O2 -c -mcpu=v9.5 -mlittle-endian -mxl-soft-mul" "EXTRA_COMPILER_FLAGS=-g"
"Running Make libs in microblaze_0/libsrc/bram_v4_0/src"
make -C microblaze_0/libsrc/bram_v4_0/src -s libs  "SHELL=CMD" "COMPILER=mb-gcc" "ARCHIVER=mb-ar" "COMPILER_FLAGS= -O2 -c -mcpu=v9.5 -mlittle-endian -mxl-soft-mul" "EXTRA_COMPILER_FLAGS=-g"
"Compiling bram"
mb-ar: creating ../../../lib/libxil.a
mb-ar: unable to rename '../../../lib/libxil.a'; reason: File exists
make[1]: *** [libs] B³¹d 1
make: *** [microblaze_0/libsrc/bram_v4_0/src/make.libs] B³¹d 2
"Running Make libs in microblaze_0/libsrc/cpu_v2_3/src"
make -C microblaze_0/libsrc/cpu_v2_3/src -s libs  "SHELL=CMD" "COMPILER=mb-gcc" "ARCHIVER=mb-ar" "COMPILER_FLAGS= -O2 -c -mcpu=v9.5 -mlittle-endian -mxl-soft-mul" "EXTRA_COMPILER_FLAGS=-g"
"Compiling cpu"
mb-ar: creating ../../../lib/libxil.a
"Running Make libs in microblaze_0/libsrc/gpio_v4_0/src"
make -C microblaze_0/libsrc/gpio_v4_0/src -s libs  "SHELL=CMD" "COMPILER=mb-gcc" "ARCHIVER=mb-ar" "COMPILER_FLAGS= -O2 -c -mcpu=v9.5 -mlittle-endian -mxl-soft-mul" "EXTRA_COMPILER_FLAGS=-g"
"Compiling gpio"
"Running Make libs in microblaze_0/libsrc/intc_v3_3/src"
make -C microblaze_0/libsrc/intc_v3_3/src -s libs  "SHELL=CMD" "COMPILER=mb-gcc" "ARCHIVER=mb-ar" "COMPILER_FLAGS= -O2 -c -mcpu=v9.5 -mlittle-endian -mxl-soft-mul" "EXTRA_COMPILER_FLAGS=-g"
"Compiling intc"
"Running Make libs in microblaze_0/libsrc/spi_v4_1/src"
make -C microblaze_0/libsrc/spi_v4_1/src -s libs  "SHELL=CMD" "COMPILER=mb-gcc" "ARCHIVER=mb-ar" "COMPILER_FLAGS= -O2 -c -mcpu=v9.5 -mlittle-endian -mxl-soft-mul" "EXTRA_COMPILER_FLAGS=-g"
"Compiling spi"
"Running Make libs in microblaze_0/libsrc/standalone_v5_1/src"
make -C microblaze_0/libsrc/standalone_v5_1/src -s libs  "SHELL=CMD" "COMPILER=mb-gcc" "ARCHIVER=mb-ar" "COMPILER_FLAGS= -O2 -c -mcpu=v9.5 -mlittle-endian -mxl-soft-mul" "EXTRA_COMPILER_FLAGS=-g"
"Compiling standalone";
"Running Make libs in microblaze_0/libsrc/uartlite_v3_0/src"
make -C microblaze_0/libsrc/uartlite_v3_0/src -s libs  "SHELL=CMD" "COMPILER=mb-gcc" "ARCHIVER=mb-ar" "COMPILER_FLAGS= -O2 -c -mcpu=v9.5 -mlittle-endian -mxl-soft-mul" "EXTRA_COMPILER_FLAGS=-g"
"Compiling uartlite"
make: Obiekt `all' nie zosta³ wykonany z powodu b³êdów.
14:16:02 **** Build of configuration Debug for project programator ****
make all 
'Building file: ../src/helloworld.c'
'Invoking: MicroBlaze gcc compiler'
mb-gcc -Wall -O0 -g3 -c -fmessage-length=0 -MT"src/helloworld.o" -I../../programator_bsp/microblaze_0/include -mlittle-endian -mcpu=v9.5 -mxl-soft-mul -Wl,--no-relax -MMD -MP -MF"src/helloworld.d" -MT"src/helloworld.d" -o "src/helloworld.o" "../src/helloworld.c"
'Finished building: ../src/helloworld.c'
' '
'Building file: ../src/platform.c'
'Invoking: MicroBlaze gcc compiler'
mb-gcc -Wall -O0 -g3 -c -fmessage-length=0 -MT"src/platform.o" -I../../programator_bsp/microblaze_0/include -mlittle-endian -mcpu=v9.5 -mxl-soft-mul -Wl,--no-relax -MMD -MP -MF"src/platform.d" -MT"src/platform.d" -o "src/platform.o" "../src/platform.c"
'Finished building: ../src/platform.c'
' '
'Building target: programator.elf'
'Invoking: MicroBlaze gcc linker'
mb-gcc -Wl,-T -Wl,../src/lscript.ld -L../../programator_bsp/microblaze_0/lib -mlittle-endian -mcpu=v9.5 -mxl-soft-mul -Wl,--no-relax -o "programator.elf"  ./src/helloworld.o ./src/platform.o   -Wl,--start-group,-lxil,-lgcc,-lc,--end-group
'Finished building target: programator.elf'
' '
'Invoking: MicroBlaze Print Size'
mb-size programator.elf  |tee "programator.elf.size"
   text	   data	    bss	    dec	    hex	filename
   8332	    336	   2228	  10896	   2a90	programator.elf
'Finished building: programator.elf.size'
' '
14:16:16 **** Auto Build of configuration Debug for project programator ****
make all 
'Building file: ../src/helloworld.c'
'Invoking: MicroBlaze gcc compiler'
mb-gcc -Wall -O0 -g3 -c -fmessage-length=0 -MT"src/helloworld.o" -I../../programator_bsp/microblaze_0/include -mlittle-endian -mcpu=v9.5 -mxl-soft-mul -Wl,--no-relax -MMD -MP -MF"src/helloworld.d" -MT"src/helloworld.d" -o "src/helloworld.o" "../src/helloworld.c"
'Finished building: ../src/helloworld.c'
' '
'Building target: programator.elf'
'Invoking: MicroBlaze gcc linker'
mb-gcc -Wl,-T -Wl,../src/lscript.ld -L../../programator_bsp/microblaze_0/lib -mlittle-endian -mcpu=v9.5 -mxl-soft-mul -Wl,--no-relax -o "programator.elf"  ./src/helloworld.o ./src/platform.o   -Wl,--start-group,-lxil,-lgcc,-lc,--end-group
'Finished building target: programator.elf'
' '
'Invoking: MicroBlaze Print Size'
mb-size programator.elf  |tee "programator.elf.size"
   text	   data	    bss	    dec	    hex	filename
   8332	    336	   2228	  10896	   2a90	programator.elf
'Finished building: programator.elf.size'
' '
14:16:29 **** Auto Build of project programator_bsp ****
make -k all 
"Running Make include in microblaze_0/libsrc/bram_v4_0/src"
make -C microblaze_0/libsrc/bram_v4_0/src -s include  "SHELL=CMD" "COMPILER=mb-gcc" "ARCHIVER=mb-ar" "COMPILER_FLAGS= -O2 -c -mcpu=v9.5 -mlittle-endian -mxl-soft-mul" "EXTRA_COMPILER_FLAGS=-g"
"Running Make include in microblaze_0/libsrc/cpu_v2_3/src"
make -C microblaze_0/libsrc/cpu_v2_3/src -s include  "SHELL=CMD" "COMPILER=mb-gcc" "ARCHIVER=mb-ar" "COMPILER_FLAGS= -O2 -c -mcpu=v9.5 -mlittle-endian -mxl-soft-mul" "EXTRA_COMPILER_FLAGS=-g"
"Running Make include in microblaze_0/libsrc/gpio_v4_0/src"
make -C microblaze_0/libsrc/gpio_v4_0/src -s include  "SHELL=CMD" "COMPILER=mb-gcc" "ARCHIVER=mb-ar" "COMPILER_FLAGS= -O2 -c -mcpu=v9.5 -mlittle-endian -mxl-soft-mul" "EXTRA_COMPILER_FLAGS=-g"
"Running Make include in microblaze_0/libsrc/intc_v3_3/src"
make -C microblaze_0/libsrc/intc_v3_3/src -s include  "SHELL=CMD" "COMPILER=mb-gcc" "ARCHIVER=mb-ar" "COMPILER_FLAGS= -O2 -c -mcpu=v9.5 -mlittle-endian -mxl-soft-mul" "EXTRA_COMPILER_FLAGS=-g"
"Running Make include in microblaze_0/libsrc/spi_v4_1/src"
make -C microblaze_0/libsrc/spi_v4_1/src -s include  "SHELL=CMD" "COMPILER=mb-gcc" "ARCHIVER=mb-ar" "COMPILER_FLAGS= -O2 -c -mcpu=v9.5 -mlittle-endian -mxl-soft-mul" "EXTRA_COMPILER_FLAGS=-g"
"Running Make include in microblaze_0/libsrc/standalone_v5_1/src"
make -C microblaze_0/libsrc/standalone_v5_1/src -s include  "SHELL=CMD" "COMPILER=mb-gcc" "ARCHIVER=mb-ar" "COMPILER_FLAGS= -O2 -c -mcpu=v9.5 -mlittle-endian -mxl-soft-mul" "EXTRA_COMPILER_FLAGS=-g"
"Running Make include in microblaze_0/libsrc/uartlite_v3_0/src"
make -C microblaze_0/libsrc/uartlite_v3_0/src -s include  "SHELL=CMD" "COMPILER=mb-gcc" "ARCHIVER=mb-ar" "COMPILER_FLAGS= -O2 -c -mcpu=v9.5 -mlittle-endian -mxl-soft-mul" "EXTRA_COMPILER_FLAGS=-g"
"Running Make include in microblaze_0/libsrc/xilmfs_v2_0/src"
make -C microblaze_0/libsrc/xilmfs_v2_0/src -s include  "SHELL=CMD" "COMPILER=mb-gcc" "ARCHIVER=mb-ar" "COMPILER_FLAGS= -O2 -c -mcpu=v9.5 -mlittle-endian -mxl-soft-mul" "EXTRA_COMPILER_FLAGS=-g"
"Running Make libs in microblaze_0/libsrc/bram_v4_0/src"
make -C microblaze_0/libsrc/bram_v4_0/src -s libs  "SHELL=CMD" "COMPILER=mb-gcc" "ARCHIVER=mb-ar" "COMPILER_FLAGS= -O2 -c -mcpu=v9.5 -mlittle-endian -mxl-soft-mul" "EXTRA_COMPILER_FLAGS=-g"
"Compiling bram"
mb-ar: creating ../../../lib/libxil.a
"Running Make libs in microblaze_0/libsrc/cpu_v2_3/src"
make -C microblaze_0/libsrc/cpu_v2_3/src -s libs  "SHELL=CMD" "COMPILER=mb-gcc" "ARCHIVER=mb-ar" "COMPILER_FLAGS= -O2 -c -mcpu=v9.5 -mlittle-endian -mxl-soft-mul" "EXTRA_COMPILER_FLAGS=-g"
"Compiling cpu"
"Running Make libs in microblaze_0/libsrc/gpio_v4_0/src"
make -C microblaze_0/libsrc/gpio_v4_0/src -s libs  "SHELL=CMD" "COMPILER=mb-gcc" "ARCHIVER=mb-ar" "COMPILER_FLAGS= -O2 -c -mcpu=v9.5 -mlittle-endian -mxl-soft-mul" "EXTRA_COMPILER_FLAGS=-g"
"Compiling gpio"
"Running Make libs in microblaze_0/libsrc/intc_v3_3/src"
make -C microblaze_0/libsrc/intc_v3_3/src -s libs  "SHELL=CMD" "COMPILER=mb-gcc" "ARCHIVER=mb-ar" "COMPILER_FLAGS= -O2 -c -mcpu=v9.5 -mlittle-endian -mxl-soft-mul" "EXTRA_COMPILER_FLAGS=-g"
"Compiling intc"
"Running Make libs in microblaze_0/libsrc/spi_v4_1/src"
make -C microblaze_0/libsrc/spi_v4_1/src -s libs  "SHELL=CMD" "COMPILER=mb-gcc" "ARCHIVER=mb-ar" "COMPILER_FLAGS= -O2 -c -mcpu=v9.5 -mlittle-endian -mxl-soft-mul" "EXTRA_COMPILER_FLAGS=-g"
"Compiling spi"
"Running Make libs in microblaze_0/libsrc/standalone_v5_1/src"
make -C microblaze_0/libsrc/standalone_v5_1/src -s libs  "SHELL=CMD" "COMPILER=mb-gcc" "ARCHIVER=mb-ar" "COMPILER_FLAGS= -O2 -c -mcpu=v9.5 -mlittle-endian -mxl-soft-mul" "EXTRA_COMPILER_FLAGS=-g"
"Compiling standalone";
"Running Make libs in microblaze_0/libsrc/uartlite_v3_0/src"
make -C microblaze_0/libsrc/uartlite_v3_0/src -s libs  "SHELL=CMD" "COMPILER=mb-gcc" "ARCHIVER=mb-ar" "COMPILER_FLAGS= -O2 -c -mcpu=v9.5 -mlittle-endian -mxl-soft-mul" "EXTRA_COMPILER_FLAGS=-g"
"Compiling uartlite"
"Running Make libs in microblaze_0/libsrc/xilmfs_v2_0/src"
make -C microblaze_0/libsrc/xilmfs_v2_0/src -s libs  "SHELL=CMD" "COMPILER=mb-gcc" "ARCHIVER=mb-ar" "COMPILER_FLAGS= -O2 -c -mcpu=v9.5 -mlittle-endian -mxl-soft-mul" "EXTRA_COMPILER_FLAGS=-g"
'Finished building libraries'
14:16:33 **** Clean-only build of configuration Debug for project programator ****
make clean 
rm -rf  ./src/helloworld.o ./src/platform.o  ./src/helloworld.d ./src/platform.d  programator.elf.size  programator.elf
' '
14:16:34 **** Auto Build of configuration Debug for project programator ****
make all 
'Building file: ../src/helloworld.c'
'Invoking: MicroBlaze gcc compiler'
mb-gcc -Wall -O0 -g3 -c -fmessage-length=0 -MT"src/helloworld.o" -I../../programator_bsp/microblaze_0/include -mlittle-endian -mcpu=v9.5 -mxl-soft-mul -Wl,--no-relax -MMD -MP -MF"src/helloworld.d" -MT"src/helloworld.d" -o "src/helloworld.o" "../src/helloworld.c"
'Finished building: ../src/helloworld.c'
' '
'Building file: ../src/platform.c'
'Invoking: MicroBlaze gcc compiler'
mb-gcc -Wall -O0 -g3 -c -fmessage-length=0 -MT"src/platform.o" -I../../programator_bsp/microblaze_0/include -mlittle-endian -mcpu=v9.5 -mxl-soft-mul -Wl,--no-relax -MMD -MP -MF"src/platform.d" -MT"src/platform.d" -o "src/platform.o" "../src/platform.c"
'Finished building: ../src/platform.c'
' '
'Building target: programator.elf'
'Invoking: MicroBlaze gcc linker'
mb-gcc -Wl,-T -Wl,../src/lscript.ld -L../../programator_bsp/microblaze_0/lib -mlittle-endian -mcpu=v9.5 -mxl-soft-mul -Wl,--no-relax -o "programator.elf"  ./src/helloworld.o ./src/platform.o   -Wl,--start-group,-lxil,-lgcc,-lc,--end-group
'Finished building target: programator.elf'
' '
'Invoking: MicroBlaze Print Size'
mb-size programator.elf  |tee "programator.elf.size"
   text	   data	    bss	    dec	    hex	filename
   8332	    336	   2228	  10896	   2a90	programator.elf
'Finished building: programator.elf.size'
' '
14:17:16 **** Auto Build of configuration Debug for project programator ****
make all 
'Building file: ../src/helloworld.c'
'Invoking: MicroBlaze gcc compiler'
mb-gcc -Wall -O0 -g3 -c -fmessage-length=0 -MT"src/helloworld.o" -I../../programator_bsp/microblaze_0/include -mlittle-endian -mcpu=v9.5 -mxl-soft-mul -Wl,--no-relax -MMD -MP -MF"src/helloworld.d" -MT"src/helloworld.d" -o "src/helloworld.o" "../src/helloworld.c"
'Finished building: ../src/helloworld.c'
' '
'Building target: programator.elf'
'Invoking: MicroBlaze gcc linker'
mb-gcc -Wl,-T -Wl,../src/lscript.ld -L../../programator_bsp/microblaze_0/lib -mlittle-endian -mcpu=v9.5 -mxl-soft-mul -Wl,--no-relax -o "programator.elf"  ./src/helloworld.o ./src/platform.o   -Wl,--start-group,-lxil,-lgcc,-lc,--end-group
'Finished building target: programator.elf'
' '
'Invoking: MicroBlaze Print Size'
mb-size programator.elf  |tee "programator.elf.size"
   text	   data	    bss	    dec	    hex	filename
   8332	    336	   2244	  10912	   2aa0	programator.elf
'Finished building: programator.elf.size'
' '
14:17:23 **** Auto Build of configuration Debug for project programator ****
make all 
'Building file: ../src/helloworld.c'
'Invoking: MicroBlaze gcc compiler'
mb-gcc -Wall -O0 -g3 -c -fmessage-length=0 -MT"src/helloworld.o" -I../../programator_bsp/microblaze_0/include -mlittle-endian -mcpu=v9.5 -mxl-soft-mul -Wl,--no-relax -MMD -MP -MF"src/helloworld.d" -MT"src/helloworld.d" -o "src/helloworld.o" "../src/helloworld.c"
../src/helloworld.c:4:20: fatal error: xilisf.h: No such file or directory
 #include "xilisf.h"
                    ^
compilation terminated.
make: *** [src/helloworld.o] B³¹d 1
14:17:42 **** Auto Build of project programator_bsp ****
make -k all 
"Running Make include in microblaze_0/libsrc/bram_v4_0/src"
make -C microblaze_0/libsrc/bram_v4_0/src -s include  "SHELL=CMD" "COMPILER=mb-gcc" "ARCHIVER=mb-ar" "COMPILER_FLAGS= -O2 -c -mcpu=v9.5 -mlittle-endian -mxl-soft-mul" "EXTRA_COMPILER_FLAGS=-g"
"Running Make include in microblaze_0/libsrc/cpu_v2_3/src"
make -C microblaze_0/libsrc/cpu_v2_3/src -s include  "SHELL=CMD" "COMPILER=mb-gcc" "ARCHIVER=mb-ar" "COMPILER_FLAGS= -O2 -c -mcpu=v9.5 -mlittle-endian -mxl-soft-mul" "EXTRA_COMPILER_FLAGS=-g"
"Running Make include in microblaze_0/libsrc/gpio_v4_0/src"
make -C microblaze_0/libsrc/gpio_v4_0/src -s include  "SHELL=CMD" "COMPILER=mb-gcc" "ARCHIVER=mb-ar" "COMPILER_FLAGS= -O2 -c -mcpu=v9.5 -mlittle-endian -mxl-soft-mul" "EXTRA_COMPILER_FLAGS=-g"
"Running Make include in microblaze_0/libsrc/intc_v3_3/src"
make -C microblaze_0/libsrc/intc_v3_3/src -s include  "SHELL=CMD" "COMPILER=mb-gcc" "ARCHIVER=mb-ar" "COMPILER_FLAGS= -O2 -c -mcpu=v9.5 -mlittle-endian -mxl-soft-mul" "EXTRA_COMPILER_FLAGS=-g"
"Running Make include in microblaze_0/libsrc/spi_v4_1/src"
make -C microblaze_0/libsrc/spi_v4_1/src -s include  "SHELL=CMD" "COMPILER=mb-gcc" "ARCHIVER=mb-ar" "COMPILER_FLAGS= -O2 -c -mcpu=v9.5 -mlittle-endian -mxl-soft-mul" "EXTRA_COMPILER_FLAGS=-g"
"Running Make include in microblaze_0/libsrc/standalone_v5_1/src"
make -C microblaze_0/libsrc/standalone_v5_1/src -s include  "SHELL=CMD" "COMPILER=mb-gcc" "ARCHIVER=mb-ar" "COMPILER_FLAGS= -O2 -c -mcpu=v9.5 -mlittle-endian -mxl-soft-mul" "EXTRA_COMPILER_FLAGS=-g"
"Running Make include in microblaze_0/libsrc/uartlite_v3_0/src"
make -C microblaze_0/libsrc/uartlite_v3_0/src -s include  "SHELL=CMD" "COMPILER=mb-gcc" "ARCHIVER=mb-ar" "COMPILER_FLAGS= -O2 -c -mcpu=v9.5 -mlittle-endian -mxl-soft-mul" "EXTRA_COMPILER_FLAGS=-g"
"Running Make include in microblaze_0/libsrc/xilisf_v5_2/src"
make -C microblaze_0/libsrc/xilisf_v5_2/src -s include  "SHELL=CMD" "COMPILER=mb-gcc" "ARCHIVER=mb-ar" "COMPILER_FLAGS= -O2 -c -mcpu=v9.5 -mlittle-endian -mxl-soft-mul" "EXTRA_COMPILER_FLAGS=-g"
"Running Make libs in microblaze_0/libsrc/bram_v4_0/src"
make -C microblaze_0/libsrc/bram_v4_0/src -s libs  "SHELL=CMD" "COMPILER=mb-gcc" "ARCHIVER=mb-ar" "COMPILER_FLAGS= -O2 -c -mcpu=v9.5 -mlittle-endian -mxl-soft-mul" "EXTRA_COMPILER_FLAGS=-g"
"Compiling bram"
mb-ar: creating ../../../lib/libxil.a
"Running Make libs in microblaze_0/libsrc/cpu_v2_3/src"
make -C microblaze_0/libsrc/cpu_v2_3/src -s libs  "SHELL=CMD" "COMPILER=mb-gcc" "ARCHIVER=mb-ar" "COMPILER_FLAGS= -O2 -c -mcpu=v9.5 -mlittle-endian -mxl-soft-mul" "EXTRA_COMPILER_FLAGS=-g"
"Compiling cpu"
"Running Make libs in microblaze_0/libsrc/gpio_v4_0/src"
make -C microblaze_0/libsrc/gpio_v4_0/src -s libs  "SHELL=CMD" "COMPILER=mb-gcc" "ARCHIVER=mb-ar" "COMPILER_FLAGS= -O2 -c -mcpu=v9.5 -mlittle-endian -mxl-soft-mul" "EXTRA_COMPILER_FLAGS=-g"
"Compiling gpio"
"Running Make libs in microblaze_0/libsrc/intc_v3_3/src"
make -C microblaze_0/libsrc/intc_v3_3/src -s libs  "SHELL=CMD" "COMPILER=mb-gcc" "ARCHIVER=mb-ar" "COMPILER_FLAGS= -O2 -c -mcpu=v9.5 -mlittle-endian -mxl-soft-mul" "EXTRA_COMPILER_FLAGS=-g"
"Compiling intc"
"Running Make libs in microblaze_0/libsrc/spi_v4_1/src"
make -C microblaze_0/libsrc/spi_v4_1/src -s libs  "SHELL=CMD" "COMPILER=mb-gcc" "ARCHIVER=mb-ar" "COMPILER_FLAGS= -O2 -c -mcpu=v9.5 -mlittle-endian -mxl-soft-mul" "EXTRA_COMPILER_FLAGS=-g"
"Compiling spi"
"Running Make libs in microblaze_0/libsrc/standalone_v5_1/src"
make -C microblaze_0/libsrc/standalone_v5_1/src -s libs  "SHELL=CMD" "COMPILER=mb-gcc" "ARCHIVER=mb-ar" "COMPILER_FLAGS= -O2 -c -mcpu=v9.5 -mlittle-endian -mxl-soft-mul" "EXTRA_COMPILER_FLAGS=-g"
"Compiling standalone";
"Running Make libs in microblaze_0/libsrc/uartlite_v3_0/src"
make -C microblaze_0/libsrc/uartlite_v3_0/src -s libs  "SHELL=CMD" "COMPILER=mb-gcc" "ARCHIVER=mb-ar" "COMPILER_FLAGS= -O2 -c -mcpu=v9.5 -mlittle-endian -mxl-soft-mul" "EXTRA_COMPILER_FLAGS=-g"
"Compiling uartlite"
"Running Make libs in microblaze_0/libsrc/xilisf_v5_2/src"
make -C microblaze_0/libsrc/xilisf_v5_2/src -s libs  "SHELL=CMD" "COMPILER=mb-gcc" "ARCHIVER=mb-ar" "COMPILER_FLAGS= -O2 -c -mcpu=v9.5 -mlittle-endian -mxl-soft-mul" "EXTRA_COMPILER_FLAGS=-g"
"Compiling XilIsf Library"
xilisf.c: In function 'XIsf_RegisterInterface':
xilisf.c:1165:41: warning: assignment from incompatible pointer type
  InstancePtr->XIsf_Iface_SetSlaveSelect = XSpi_SetSlaveSelect;
                                         ^
"Creating archive libxilisf.a"
'Finished building libraries'
14:17:47 **** Clean-only build of configuration Debug for project programator ****
make clean 
rm -rf  ./src/helloworld.o ./src/platform.o  ./src/helloworld.d ./src/platform.d  programator.elf.size  programator.elf
' '
14:17:47 **** Auto Build of configuration Debug for project programator ****
make all 
'Building file: ../src/helloworld.c'
'Invoking: MicroBlaze gcc compiler'
mb-gcc -Wall -O0 -g3 -c -fmessage-length=0 -MT"src/helloworld.o" -I../../programator_bsp/microblaze_0/include -mlittle-endian -mcpu=v9.5 -mxl-soft-mul -Wl,--no-relax -MMD -MP -MF"src/helloworld.d" -MT"src/helloworld.d" -o "src/helloworld.o" "../src/helloworld.c"
'Finished building: ../src/helloworld.c'
' '
'Building file: ../src/platform.c'
'Invoking: MicroBlaze gcc compiler'
mb-gcc -Wall -O0 -g3 -c -fmessage-length=0 -MT"src/platform.o" -I../../programator_bsp/microblaze_0/include -mlittle-endian -mcpu=v9.5 -mxl-soft-mul -Wl,--no-relax -MMD -MP -MF"src/platform.d" -MT"src/platform.d" -o "src/platform.o" "../src/platform.c"
'Finished building: ../src/platform.c'
' '
'Building target: programator.elf'
'Invoking: MicroBlaze gcc linker'
mb-gcc -Wl,-T -Wl,../src/lscript.ld -L../../programator_bsp/microblaze_0/lib -mlittle-endian -mcpu=v9.5 -mxl-soft-mul -Wl,--no-relax -o "programator.elf"  ./src/helloworld.o ./src/platform.o   -Wl,--start-group,-lxil,-lgcc,-lc,--end-group -Wl,--start-group,-lxilisf,-lxil,-lgcc,-lc,--end-group
'Finished building target: programator.elf'
' '
'Invoking: MicroBlaze Print Size'
mb-size programator.elf  |tee "programator.elf.size"
   text	   data	    bss	    dec	    hex	filename
   8332	    336	   2244	  10912	   2aa0	programator.elf
'Finished building: programator.elf.size'
' '
14:18:04 **** Auto Build of configuration Debug for project programator ****
make all 
'Building file: ../src/helloworld.c'
'Invoking: MicroBlaze gcc compiler'
mb-gcc -Wall -O0 -g3 -c -fmessage-length=0 -MT"src/helloworld.o" -I../../programator_bsp/microblaze_0/include -mlittle-endian -mcpu=v9.5 -mxl-soft-mul -Wl,--no-relax -MMD -MP -MF"src/helloworld.d" -MT"src/helloworld.d" -o "src/helloworld.o" "../src/helloworld.c"
../src/helloworld.c:9:14: warning: 'gpio' defined but not used [-Wunused-variable]
 static XGpio gpio;
              ^
../src/helloworld.c:10:13: warning: 'Isf' defined but not used [-Wunused-variable]
 static XIsf Isf;
             ^
../src/helloworld.c:11:13: warning: 'Spi' defined but not used [-Wunused-variable]
 static XSpi Spi;
             ^
'Finished building: ../src/helloworld.c'
' '
'Building target: programator.elf'
'Invoking: MicroBlaze gcc linker'
mb-gcc -Wl,-T -Wl,../src/lscript.ld -L../../programator_bsp/microblaze_0/lib -mlittle-endian -mcpu=v9.5 -mxl-soft-mul -Wl,--no-relax -o "programator.elf"  ./src/helloworld.o ./src/platform.o   -Wl,--start-group,-lxil,-lgcc,-lc,--end-group -Wl,--start-group,-lxilisf,-lxil,-lgcc,-lc,--end-group
'Finished building target: programator.elf'
' '
'Invoking: MicroBlaze Print Size'
mb-size programator.elf  |tee "programator.elf.size"
   text	   data	    bss	    dec	    hex	filename
   8332	    336	   2404	  11072	   2b40	programator.elf
'Finished building: programator.elf.size'
' '
14:18:26 **** Auto Build of configuration Debug for project programator ****
make all 
'Building file: ../src/helloworld.c'
'Invoking: MicroBlaze gcc compiler'
mb-gcc -Wall -O0 -g3 -c -fmessage-length=0 -MT"src/helloworld.o" -I../../programator_bsp/microblaze_0/include -mlittle-endian -mcpu=v9.5 -mxl-soft-mul -Wl,--no-relax -MMD -MP -MF"src/helloworld.d" -MT"src/helloworld.d" -o "src/helloworld.o" "../src/helloworld.c"
In file included from ../src/helloworld.c:3:0:
../src/helloworld.c: In function 'main':
../../programator_bsp/microblaze_0/include/xparameters.h:497:34: warning: large integer implicitly truncated to unsigned type [-Woverflow]
 #define XPAR_AXI_GPIO_0_BASEADDR 0x40000000
                                  ^
../src/helloworld.c:16:29: note: in expansion of macro 'XPAR_AXI_GPIO_0_BASEADDR'
     XGpio_Initialize(&gpio, XPAR_AXI_GPIO_0_BASEADDR);
                             ^
../src/helloworld.c: At top level:
../src/helloworld.c:10:13: warning: 'Isf' defined but not used [-Wunused-variable]
 static XIsf Isf;
             ^
../src/helloworld.c:11:13: warning: 'Spi' defined but not used [-Wunused-variable]
 static XSpi Spi;
             ^
'Finished building: ../src/helloworld.c'
' '
'Building target: programator.elf'
'Invoking: MicroBlaze gcc linker'
mb-gcc -Wl,-T -Wl,../src/lscript.ld -L../../programator_bsp/microblaze_0/lib -mlittle-endian -mcpu=v9.5 -mxl-soft-mul -Wl,--no-relax -o "programator.elf"  ./src/helloworld.o ./src/platform.o   -Wl,--start-group,-lxil,-lgcc,-lc,--end-group -Wl,--start-group,-lxilisf,-lxil,-lgcc,-lc,--end-group
'Finished building target: programator.elf'
' '
'Invoking: MicroBlaze Print Size'
mb-size programator.elf  |tee "programator.elf.size"
   text	   data	    bss	    dec	    hex	filename
   9676	    352	   2404	  12432	   3090	programator.elf
'Finished building: programator.elf.size'
' '
14:18:58 **** Auto Build of configuration Debug for project programator ****
make all 
'Building file: ../src/helloworld.c'
'Invoking: MicroBlaze gcc compiler'
mb-gcc -Wall -O0 -g3 -c -fmessage-length=0 -MT"src/helloworld.o" -I../../programator_bsp/microblaze_0/include -mlittle-endian -mcpu=v9.5 -mxl-soft-mul -Wl,--no-relax -MMD -MP -MF"src/helloworld.d" -MT"src/helloworld.d" -o "src/helloworld.o" "../src/helloworld.c"
In file included from ../src/helloworld.c:3:0:
../src/helloworld.c: In function 'main':
../../programator_bsp/microblaze_0/include/xparameters.h:497:34: warning: large integer implicitly truncated to unsigned type [-Woverflow]
 #define XPAR_AXI_GPIO_0_BASEADDR 0x40000000
                                  ^
../src/helloworld.c:16:29: note: in expansion of macro 'XPAR_AXI_GPIO_0_BASEADDR'
     XGpio_Initialize(&gpio, XPAR_AXI_GPIO_0_BASEADDR);
                             ^
../src/helloworld.c:35:5: error: expected ';' before 'while'
     while(1){
     ^
make: *** [src/helloworld.o] B³¹d 1
14:19:02 **** Auto Build of configuration Debug for project programator ****
make all 
'Building file: ../src/helloworld.c'
'Invoking: MicroBlaze gcc compiler'
mb-gcc -Wall -O0 -g3 -c -fmessage-length=0 -MT"src/helloworld.o" -I../../programator_bsp/microblaze_0/include -mlittle-endian -mcpu=v9.5 -mxl-soft-mul -Wl,--no-relax -MMD -MP -MF"src/helloworld.d" -MT"src/helloworld.d" -o "src/helloworld.o" "../src/helloworld.c"
In file included from ../src/helloworld.c:3:0:
../src/helloworld.c: In function 'main':
../../programator_bsp/microblaze_0/include/xparameters.h:497:34: warning: large integer implicitly truncated to unsigned type [-Woverflow]
 #define XPAR_AXI_GPIO_0_BASEADDR 0x40000000
                                  ^
../src/helloworld.c:16:29: note: in expansion of macro 'XPAR_AXI_GPIO_0_BASEADDR'
     XGpio_Initialize(&gpio, XPAR_AXI_GPIO_0_BASEADDR);
                             ^
'Finished building: ../src/helloworld.c'
' '
'Building target: programator.elf'
'Invoking: MicroBlaze gcc linker'
mb-gcc -Wl,-T -Wl,../src/lscript.ld -L../../programator_bsp/microblaze_0/lib -mlittle-endian -mcpu=v9.5 -mxl-soft-mul -Wl,--no-relax -o "programator.elf"  ./src/helloworld.o ./src/platform.o   -Wl,--start-group,-lxil,-lgcc,-lc,--end-group -Wl,--start-group,-lxilisf,-lxil,-lgcc,-lc,--end-group
'Finished building target: programator.elf'
' '
'Invoking: MicroBlaze Print Size'
mb-size programator.elf  |tee "programator.elf.size"
   text	   data	    bss	    dec	    hex	filename
  10632	    352	   2240	  13224	   33a8	programator.elf
'Finished building: programator.elf.size'
' '
14:22:41 **** Incremental Build of configuration Debug for project programator ****
make all 
make: Nie ma nic do zrobienia w `all'.
14:23:03 **** Incremental Build of configuration Debug for project programator ****
make all 
make: Nie ma nic do zrobienia w `all'.
14:23:25 **** Incremental Build of configuration Debug for project programator ****
make all 
make: Nie ma nic do zrobienia w `all'.
14:23:28 **** Incremental Build of configuration Debug for project programator ****
make all 
make: Nie ma nic do zrobienia w `all'.
14:23:31 **** Incremental Build of configuration Debug for project programator ****
make all 
make: Nie ma nic do zrobienia w `all'.
16:30:08 **** Incremental Build of configuration Debug for project programator ****
make all 
make: Nie ma nic do zrobienia w `all'.
16:44:29 **** Incremental Build of configuration Debug for project programator ****
make all 
make: Nie ma nic do zrobienia w `all'.
17:12:34 **** Incremental Build of configuration Debug for project programator ****
make all 
make: Nie ma nic do zrobienia w `all'.
17:15:23 **** Incremental Build of configuration Debug for project programator ****
make all 
make: Nie ma nic do zrobienia w `all'.
17:27:15 **** Incremental Build of configuration Debug for project programator ****
make all 
make: Nie ma nic do zrobienia w `all'.
17:57:05 **** Auto Build of configuration Debug for project programator ****
make all 
'Building file: ../src/helloworld.c'
'Invoking: MicroBlaze gcc compiler'
mb-gcc -Wall -O0 -g3 -c -fmessage-length=0 -MT"src/helloworld.o" -I../../programator_bsp/microblaze_0/include -mlittle-endian -mcpu=v9.5 -mxl-soft-mul -Wl,--no-relax -MMD -MP -MF"src/helloworld.d" -MT"src/helloworld.d" -o "src/helloworld.o" "../src/helloworld.c"
In file included from ../src/helloworld.c:3:0:
../src/helloworld.c: In function 'main':
../../programator_bsp/microblaze_0/include/xparameters.h:497:34: warning: large integer implicitly truncated to unsigned type [-Woverflow]
 #define XPAR_AXI_GPIO_0_BASEADDR 0x40000000
                                  ^
../src/helloworld.c:16:29: note: in expansion of macro 'XPAR_AXI_GPIO_0_BASEADDR'
     XGpio_Initialize(&gpio, XPAR_AXI_GPIO_0_BASEADDR);
                             ^
'Finished building: ../src/helloworld.c'
' '
'Building target: programator.elf'
'Invoking: MicroBlaze gcc linker'
mb-gcc -Wl,-T -Wl,../src/lscript.ld -L../../programator_bsp/microblaze_0/lib -mlittle-endian -mcpu=v9.5 -mxl-soft-mul -Wl,--no-relax -o "programator.elf"  ./src/helloworld.o ./src/platform.o   -Wl,--start-group,-lxil,-lgcc,-lc,--end-group -Wl,--start-group,-lxilisf,-lxil,-lgcc,-lc,--end-group
'Finished building target: programator.elf'
' '
'Invoking: MicroBlaze Print Size'
mb-size programator.elf  |tee "programator.elf.size"
   text	   data	    bss	    dec	    hex	filename
  10632	    352	   2240	  13224	   33a8	programator.elf
'Finished building: programator.elf.size'
' '
17:58:04 **** Auto Build of project programator_bsp ****
make -k all 
"Running Make include in microblaze_0/libsrc/bram_v4_0/src"
make -C microblaze_0/libsrc/bram_v4_0/src -s include  "SHELL=CMD" "COMPILER=mb-gcc" "ARCHIVER=mb-ar" "COMPILER_FLAGS= -O2 -c -mcpu=v9.5 -mlittle-endian -mxl-soft-mul" "EXTRA_COMPILER_FLAGS=-g"
"Running Make include in microblaze_0/libsrc/cpu_v2_3/src"
make -C microblaze_0/libsrc/cpu_v2_3/src -s include  "SHELL=CMD" "COMPILER=mb-gcc" "ARCHIVER=mb-ar" "COMPILER_FLAGS= -O2 -c -mcpu=v9.5 -mlittle-endian -mxl-soft-mul" "EXTRA_COMPILER_FLAGS=-g"
"Running Make include in microblaze_0/libsrc/gpio_v4_0/src"
make -C microblaze_0/libsrc/gpio_v4_0/src -s include  "SHELL=CMD" "COMPILER=mb-gcc" "ARCHIVER=mb-ar" "COMPILER_FLAGS= -O2 -c -mcpu=v9.5 -mlittle-endian -mxl-soft-mul" "EXTRA_COMPILER_FLAGS=-g"
"Running Make include in microblaze_0/libsrc/intc_v3_3/src"
make -C microblaze_0/libsrc/intc_v3_3/src -s include  "SHELL=CMD" "COMPILER=mb-gcc" "ARCHIVER=mb-ar" "COMPILER_FLAGS= -O2 -c -mcpu=v9.5 -mlittle-endian -mxl-soft-mul" "EXTRA_COMPILER_FLAGS=-g"
"Running Make include in microblaze_0/libsrc/spi_v4_1/src"
make -C microblaze_0/libsrc/spi_v4_1/src -s include  "SHELL=CMD" "COMPILER=mb-gcc" "ARCHIVER=mb-ar" "COMPILER_FLAGS= -O2 -c -mcpu=v9.5 -mlittle-endian -mxl-soft-mul" "EXTRA_COMPILER_FLAGS=-g"
"Running Make include in microblaze_0/libsrc/standalone_v5_1/src"
make -C microblaze_0/libsrc/standalone_v5_1/src -s include  "SHELL=CMD" "COMPILER=mb-gcc" "ARCHIVER=mb-ar" "COMPILER_FLAGS= -O2 -c -mcpu=v9.5 -mlittle-endian -mxl-soft-mul" "EXTRA_COMPILER_FLAGS=-g"
"Running Make include in microblaze_0/libsrc/uartlite_v3_0/src"
make -C microblaze_0/libsrc/uartlite_v3_0/src -s include  "SHELL=CMD" "COMPILER=mb-gcc" "ARCHIVER=mb-ar" "COMPILER_FLAGS= -O2 -c -mcpu=v9.5 -mlittle-endian -mxl-soft-mul" "EXTRA_COMPILER_FLAGS=-g"
"Running Make include in microblaze_0/libsrc/xilisf_v5_2/src"
make -C microblaze_0/libsrc/xilisf_v5_2/src -s include  "SHELL=CMD" "COMPILER=mb-gcc" "ARCHIVER=mb-ar" "COMPILER_FLAGS= -O2 -c -mcpu=v9.5 -mlittle-endian -mxl-soft-mul" "EXTRA_COMPILER_FLAGS=-g"
"Running Make libs in microblaze_0/libsrc/bram_v4_0/src"
make -C microblaze_0/libsrc/bram_v4_0/src -s libs  "SHELL=CMD" "COMPILER=mb-gcc" "ARCHIVER=mb-ar" "COMPILER_FLAGS= -O2 -c -mcpu=v9.5 -mlittle-endian -mxl-soft-mul" "EXTRA_COMPILER_FLAGS=-g"
"Compiling bram"
"Running Make libs in microblaze_0/libsrc/cpu_v2_3/src"
make -C microblaze_0/libsrc/cpu_v2_3/src -s libs  "SHELL=CMD" "COMPILER=mb-gcc" "ARCHIVER=mb-ar" "COMPILER_FLAGS= -O2 -c -mcpu=v9.5 -mlittle-endian -mxl-soft-mul" "EXTRA_COMPILER_FLAGS=-g"
"Compiling cpu"
"Running Make libs in microblaze_0/libsrc/gpio_v4_0/src"
make -C microblaze_0/libsrc/gpio_v4_0/src -s libs  "SHELL=CMD" "COMPILER=mb-gcc" "ARCHIVER=mb-ar" "COMPILER_FLAGS= -O2 -c -mcpu=v9.5 -mlittle-endian -mxl-soft-mul" "EXTRA_COMPILER_FLAGS=-g"
"Compiling gpio"
"Running Make libs in microblaze_0/libsrc/intc_v3_3/src"
make -C microblaze_0/libsrc/intc_v3_3/src -s libs  "SHELL=CMD" "COMPILER=mb-gcc" "ARCHIVER=mb-ar" "COMPILER_FLAGS= -O2 -c -mcpu=v9.5 -mlittle-endian -mxl-soft-mul" "EXTRA_COMPILER_FLAGS=-g"
"Compiling intc"
"Running Make libs in microblaze_0/libsrc/spi_v4_1/src"
make -C microblaze_0/libsrc/spi_v4_1/src -s libs  "SHELL=CMD" "COMPILER=mb-gcc" "ARCHIVER=mb-ar" "COMPILER_FLAGS= -O2 -c -mcpu=v9.5 -mlittle-endian -mxl-soft-mul" "EXTRA_COMPILER_FLAGS=-g"
"Compiling spi"
"Running Make libs in microblaze_0/libsrc/standalone_v5_1/src"
make -C microblaze_0/libsrc/standalone_v5_1/src -s libs  "SHELL=CMD" "COMPILER=mb-gcc" "ARCHIVER=mb-ar" "COMPILER_FLAGS= -O2 -c -mcpu=v9.5 -mlittle-endian -mxl-soft-mul" "EXTRA_COMPILER_FLAGS=-g"
"Compiling standalone";
"Running Make libs in microblaze_0/libsrc/uartlite_v3_0/src"
make -C microblaze_0/libsrc/uartlite_v3_0/src -s libs  "SHELL=CMD" "COMPILER=mb-gcc" "ARCHIVER=mb-ar" "COMPILER_FLAGS= -O2 -c -mcpu=v9.5 -mlittle-endian -mxl-soft-mul" "EXTRA_COMPILER_FLAGS=-g"
"Compiling uartlite"
"Running Make libs in microblaze_0/libsrc/xilisf_v5_2/src"
make -C microblaze_0/libsrc/xilisf_v5_2/src -s libs  "SHELL=CMD" "COMPILER=mb-gcc" "ARCHIVER=mb-ar" "COMPILER_FLAGS= -O2 -c -mcpu=v9.5 -mlittle-endian -mxl-soft-mul" "EXTRA_COMPILER_FLAGS=-g"
"Compiling XilIsf Library"
xilisf.c: In function 'XIsf_RegisterInterface':
xilisf.c:1165:41: warning: assignment from incompatible pointer type
  InstancePtr->XIsf_Iface_SetSlaveSelect = XSpi_SetSlaveSelect;
                                         ^
"Creating archive libxilisf.a"
'Finished building libraries'
17:58:09 **** Auto Build of configuration Debug for project programator ****
make all 
'Building file: ../src/helloworld.c'
'Invoking: MicroBlaze gcc compiler'
mb-gcc -Wall -O0 -g3 -c -fmessage-length=0 -MT"src/helloworld.o" -I../../programator_bsp/microblaze_0/include -mlittle-endian -mcpu=v9.5 -mxl-soft-mul -Wl,--no-relax -MMD -MP -MF"src/helloworld.d" -MT"src/helloworld.d" -o "src/helloworld.o" "../src/helloworld.c"
In file included from ../src/helloworld.c:3:0:
../src/helloworld.c: In function 'main':
../../programator_bsp/microblaze_0/include/xparameters.h:497:34: warning: large integer implicitly truncated to unsigned type [-Woverflow]
 #define XPAR_AXI_GPIO_0_BASEADDR 0x40000000
                                  ^
../src/helloworld.c:16:29: note: in expansion of macro 'XPAR_AXI_GPIO_0_BASEADDR'
     XGpio_Initialize(&gpio, XPAR_AXI_GPIO_0_BASEADDR);
                             ^
'Finished building: ../src/helloworld.c'
' '
'Building file: ../src/platform.c'
'Invoking: MicroBlaze gcc compiler'
mb-gcc -Wall -O0 -g3 -c -fmessage-length=0 -MT"src/platform.o" -I../../programator_bsp/microblaze_0/include -mlittle-endian -mcpu=v9.5 -mxl-soft-mul -Wl,--no-relax -MMD -MP -MF"src/platform.d" -MT"src/platform.d" -o "src/platform.o" "../src/platform.c"
'Finished building: ../src/platform.c'
' '
'Building target: programator.elf'
'Invoking: MicroBlaze gcc linker'
mb-gcc -Wl,-T -Wl,../src/lscript.ld -L../../programator_bsp/microblaze_0/lib -mlittle-endian -mcpu=v9.5 -mxl-soft-mul -Wl,--no-relax -o "programator.elf"  ./src/helloworld.o ./src/platform.o   -Wl,--start-group,-lxil,-lgcc,-lc,--end-group -Wl,--start-group,-lxilisf,-lxil,-lgcc,-lc,--end-group
'Finished building target: programator.elf'
' '
'Invoking: MicroBlaze Print Size'
mb-size programator.elf  |tee "programator.elf.size"
   text	   data	    bss	    dec	    hex	filename
  10632	    352	   2240	  13224	   33a8	programator.elf
'Finished building: programator.elf.size'
' '
17:58:53 **** Incremental Build of configuration Debug for project programator ****
make all 
make: Nie ma nic do zrobienia w `all'.
17:58:59 **** Incremental Build of configuration Debug for project programator ****
make all 
make: Nie ma nic do zrobienia w `all'.
18:34:43 **** Incremental Build of configuration Debug for project programator ****
make all 
make: Nie ma nic do zrobienia w `all'.
18:54:38 **** Auto Build of configuration Debug for project programator ****
make all 
'Building file: ../src/helloworld.c'
'Invoking: MicroBlaze gcc compiler'
mb-gcc -Wall -O0 -g3 -c -fmessage-length=0 -MT"src/helloworld.o" -I../../programator_bsp/microblaze_0/include -mlittle-endian -mcpu=v9.5 -mxl-soft-mul -Wl,--no-relax -MMD -MP -MF"src/helloworld.d" -MT"src/helloworld.d" -o "src/helloworld.o" "../src/helloworld.c"
In file included from ../src/helloworld.c:3:0:
../src/helloworld.c: In function 'main':
../../programator_bsp/microblaze_0/include/xparameters.h:497:34: warning: large integer implicitly truncated to unsigned type [-Woverflow]
 #define XPAR_AXI_GPIO_0_BASEADDR 0x40000000
                                  ^
../src/helloworld.c:16:29: note: in expansion of macro 'XPAR_AXI_GPIO_0_BASEADDR'
     XGpio_Initialize(&gpio, XPAR_AXI_GPIO_0_BASEADDR);
                             ^
'Finished building: ../src/helloworld.c'
' '
'Building target: programator.elf'
'Invoking: MicroBlaze gcc linker'
mb-gcc -Wl,-T -Wl,../src/lscript.ld -L../../programator_bsp/microblaze_0/lib -mlittle-endian -mcpu=v9.5 -mxl-soft-mul -Wl,--no-relax -o "programator.elf"  ./src/helloworld.o ./src/platform.o   -Wl,--start-group,-lxil,-lgcc,-lc,--end-group -Wl,--start-group,-lxilisf,-lxil,-lgcc,-lc,--end-group
'Finished building target: programator.elf'
' '
'Invoking: MicroBlaze Print Size'
mb-size programator.elf  |tee "programator.elf.size"
   text	   data	    bss	    dec	    hex	filename
  10632	    352	   2240	  13224	   33a8	programator.elf
'Finished building: programator.elf.size'
' '
18:55:25 **** Incremental Build of configuration Debug for project programator ****
make all 
make: Nie ma nic do zrobienia w `all'.
19:12:54 **** Incremental Build of configuration Debug for project programator ****
make all 
make: Nie ma nic do zrobienia w `all'.
13:01:15 **** Auto Build of project programator_bsp ****
make -k all 
"Running Make include in microblaze_0/libsrc/bram_v4_0/src"
make -C microblaze_0/libsrc/bram_v4_0/src -s include  "SHELL=CMD" "COMPILER=mb-gcc" "ARCHIVER=mb-ar" "COMPILER_FLAGS= -O2 -c -mcpu=v9.5 -mlittle-endian -mxl-soft-mul" "EXTRA_COMPILER_FLAGS=-g"
"Running Make include in microblaze_0/libsrc/cpu_v2_3/src"
make -C microblaze_0/libsrc/cpu_v2_3/src -s include  "SHELL=CMD" "COMPILER=mb-gcc" "ARCHIVER=mb-ar" "COMPILER_FLAGS= -O2 -c -mcpu=v9.5 -mlittle-endian -mxl-soft-mul" "EXTRA_COMPILER_FLAGS=-g"
"Running Make include in microblaze_0/libsrc/gpio_v4_0/src"
make -C microblaze_0/libsrc/gpio_v4_0/src -s include  "SHELL=CMD" "COMPILER=mb-gcc" "ARCHIVER=mb-ar" "COMPILER_FLAGS= -O2 -c -mcpu=v9.5 -mlittle-endian -mxl-soft-mul" "EXTRA_COMPILER_FLAGS=-g"
"Running Make include in microblaze_0/libsrc/intc_v3_3/src"
make -C microblaze_0/libsrc/intc_v3_3/src -s include  "SHELL=CMD" "COMPILER=mb-gcc" "ARCHIVER=mb-ar" "COMPILER_FLAGS= -O2 -c -mcpu=v9.5 -mlittle-endian -mxl-soft-mul" "EXTRA_COMPILER_FLAGS=-g"
"Running Make include in microblaze_0/libsrc/spi_v4_1/src"
make -C microblaze_0/libsrc/spi_v4_1/src -s include  "SHELL=CMD" "COMPILER=mb-gcc" "ARCHIVER=mb-ar" "COMPILER_FLAGS= -O2 -c -mcpu=v9.5 -mlittle-endian -mxl-soft-mul" "EXTRA_COMPILER_FLAGS=-g"
"Running Make include in microblaze_0/libsrc/standalone_v5_1/src"
make -C microblaze_0/libsrc/standalone_v5_1/src -s include  "SHELL=CMD" "COMPILER=mb-gcc" "ARCHIVER=mb-ar" "COMPILER_FLAGS= -O2 -c -mcpu=v9.5 -mlittle-endian -mxl-soft-mul" "EXTRA_COMPILER_FLAGS=-g"
"Running Make include in microblaze_0/libsrc/uartlite_v3_0/src"
make -C microblaze_0/libsrc/uartlite_v3_0/src -s include  "SHELL=CMD" "COMPILER=mb-gcc" "ARCHIVER=mb-ar" "COMPILER_FLAGS= -O2 -c -mcpu=v9.5 -mlittle-endian -mxl-soft-mul" "EXTRA_COMPILER_FLAGS=-g"
"Running Make include in microblaze_0/libsrc/xilisf_v5_2/src"
make -C microblaze_0/libsrc/xilisf_v5_2/src -s include  "SHELL=CMD" "COMPILER=mb-gcc" "ARCHIVER=mb-ar" "COMPILER_FLAGS= -O2 -c -mcpu=v9.5 -mlittle-endian -mxl-soft-mul" "EXTRA_COMPILER_FLAGS=-g"
"Running Make libs in microblaze_0/libsrc/bram_v4_0/src"
make -C microblaze_0/libsrc/bram_v4_0/src -s libs  "SHELL=CMD" "COMPILER=mb-gcc" "ARCHIVER=mb-ar" "COMPILER_FLAGS= -O2 -c -mcpu=v9.5 -mlittle-endian -mxl-soft-mul" "EXTRA_COMPILER_FLAGS=-g"
"Compiling bram"
"Running Make libs in microblaze_0/libsrc/cpu_v2_3/src"
make -C microblaze_0/libsrc/cpu_v2_3/src -s libs  "SHELL=CMD" "COMPILER=mb-gcc" "ARCHIVER=mb-ar" "COMPILER_FLAGS= -O2 -c -mcpu=v9.5 -mlittle-endian -mxl-soft-mul" "EXTRA_COMPILER_FLAGS=-g"
"Compiling cpu"
"Running Make libs in microblaze_0/libsrc/gpio_v4_0/src"
make -C microblaze_0/libsrc/gpio_v4_0/src -s libs  "SHELL=CMD" "COMPILER=mb-gcc" "ARCHIVER=mb-ar" "COMPILER_FLAGS= -O2 -c -mcpu=v9.5 -mlittle-endian -mxl-soft-mul" "EXTRA_COMPILER_FLAGS=-g"
"Compiling gpio"
"Running Make libs in microblaze_0/libsrc/intc_v3_3/src"
make -C microblaze_0/libsrc/intc_v3_3/src -s libs  "SHELL=CMD" "COMPILER=mb-gcc" "ARCHIVER=mb-ar" "COMPILER_FLAGS= -O2 -c -mcpu=v9.5 -mlittle-endian -mxl-soft-mul" "EXTRA_COMPILER_FLAGS=-g"
"Compiling intc"
"Running Make libs in microblaze_0/libsrc/spi_v4_1/src"
make -C microblaze_0/libsrc/spi_v4_1/src -s libs  "SHELL=CMD" "COMPILER=mb-gcc" "ARCHIVER=mb-ar" "COMPILER_FLAGS= -O2 -c -mcpu=v9.5 -mlittle-endian -mxl-soft-mul" "EXTRA_COMPILER_FLAGS=-g"
"Compiling spi"
"Running Make libs in microblaze_0/libsrc/standalone_v5_1/src"
make -C microblaze_0/libsrc/standalone_v5_1/src -s libs  "SHELL=CMD" "COMPILER=mb-gcc" "ARCHIVER=mb-ar" "COMPILER_FLAGS= -O2 -c -mcpu=v9.5 -mlittle-endian -mxl-soft-mul" "EXTRA_COMPILER_FLAGS=-g"
"Compiling standalone";
"Running Make libs in microblaze_0/libsrc/uartlite_v3_0/src"
make -C microblaze_0/libsrc/uartlite_v3_0/src -s libs  "SHELL=CMD" "COMPILER=mb-gcc" "ARCHIVER=mb-ar" "COMPILER_FLAGS= -O2 -c -mcpu=v9.5 -mlittle-endian -mxl-soft-mul" "EXTRA_COMPILER_FLAGS=-g"
"Compiling uartlite"
"Running Make libs in microblaze_0/libsrc/xilisf_v5_2/src"
make -C microblaze_0/libsrc/xilisf_v5_2/src -s libs  "SHELL=CMD" "COMPILER=mb-gcc" "ARCHIVER=mb-ar" "COMPILER_FLAGS= -O2 -c -mcpu=v9.5 -mlittle-endian -mxl-soft-mul" "EXTRA_COMPILER_FLAGS=-g"
"Compiling XilIsf Library"
xilisf.c: In function 'XIsf_RegisterInterface':
xilisf.c:1165:41: warning: assignment from incompatible pointer type
  InstancePtr->XIsf_Iface_SetSlaveSelect = XSpi_SetSlaveSelect;
                                         ^
"Creating archive libxilisf.a"
'Finished building libraries'
13:01:30 **** Auto Build of configuration Debug for project programator ****
make all 
'Building file: ../src/helloworld.c'
'Invoking: MicroBlaze gcc compiler'
mb-gcc -Wall -O0 -g3 -c -fmessage-length=0 -MT"src/helloworld.o" -I../../programator_bsp/microblaze_0/include -mlittle-endian -mcpu=v9.5 -mxl-soft-mul -Wl,--no-relax -MMD -MP -MF"src/helloworld.d" -MT"src/helloworld.d" -o "src/helloworld.o" "../src/helloworld.c"
In file included from ../src/helloworld.c:3:0:
../src/helloworld.c: In function 'main':
../../programator_bsp/microblaze_0/include/xparameters.h:497:34: warning: large integer implicitly truncated to unsigned type [-Woverflow]
 #define XPAR_AXI_GPIO_0_BASEADDR 0x40000000
                                  ^
../src/helloworld.c:16:29: note: in expansion of macro 'XPAR_AXI_GPIO_0_BASEADDR'
     XGpio_Initialize(&gpio, XPAR_AXI_GPIO_0_BASEADDR);
                             ^
'Finished building: ../src/helloworld.c'
' '
'Building file: ../src/platform.c'
'Invoking: MicroBlaze gcc compiler'
mb-gcc -Wall -O0 -g3 -c -fmessage-length=0 -MT"src/platform.o" -I../../programator_bsp/microblaze_0/include -mlittle-endian -mcpu=v9.5 -mxl-soft-mul -Wl,--no-relax -MMD -MP -MF"src/platform.d" -MT"src/platform.d" -o "src/platform.o" "../src/platform.c"
'Finished building: ../src/platform.c'
' '
'Building target: programator.elf'
'Invoking: MicroBlaze gcc linker'
mb-gcc -Wl,-T -Wl,../src/lscript.ld -L../../programator_bsp/microblaze_0/lib -mlittle-endian -mcpu=v9.5 -mxl-soft-mul -Wl,--no-relax -o "programator.elf"  ./src/helloworld.o ./src/platform.o   -Wl,--start-group,-lxil,-lgcc,-lc,--end-group -Wl,--start-group,-lxilisf,-lxil,-lgcc,-lc,--end-group
'Finished building target: programator.elf'
' '
'Invoking: MicroBlaze Print Size'
mb-size programator.elf  |tee "programator.elf.size"
   text	   data	    bss	    dec	    hex	filename
  10632	    352	   2240	  13224	   33a8	programator.elf
'Finished building: programator.elf.size'
' '
13:14:12 **** Auto Build of configuration Debug for project programator ****
make all 
'Building file: ../src/helloworld.c'
'Invoking: MicroBlaze gcc compiler'
mb-gcc -Wall -O0 -g3 -c -fmessage-length=0 -MT"src/helloworld.o" -I../../programator_bsp/microblaze_0/include -mlittle-endian -mcpu=v9.5 -mxl-soft-mul -Wl,--no-relax -MMD -MP -MF"src/helloworld.d" -MT"src/helloworld.d" -o "src/helloworld.o" "../src/helloworld.c"
In file included from ../src/helloworld.c:3:0:
../src/helloworld.c: In function 'main':
../../programator_bsp/microblaze_0/include/xparameters.h:497:34: warning: large integer implicitly truncated to unsigned type [-Woverflow]
 #define XPAR_AXI_GPIO_0_BASEADDR 0x40000000
                                  ^
../src/helloworld.c:16:29: note: in expansion of macro 'XPAR_AXI_GPIO_0_BASEADDR'
     XGpio_Initialize(&gpio, XPAR_AXI_GPIO_0_BASEADDR);
                             ^
'Finished building: ../src/helloworld.c'
' '
'Building target: programator.elf'
'Invoking: MicroBlaze gcc linker'
mb-gcc -Wl,-T -Wl,../src/lscript.ld -L../../programator_bsp/microblaze_0/lib -mlittle-endian -mcpu=v9.5 -mxl-soft-mul -Wl,--no-relax -o "programator.elf"  ./src/helloworld.o ./src/platform.o   -Wl,--start-group,-lxil,-lgcc,-lc,--end-group -Wl,--start-group,-lxilisf,-lxil,-lgcc,-lc,--end-group
'Finished building target: programator.elf'
' '
'Invoking: MicroBlaze Print Size'
mb-size programator.elf  |tee "programator.elf.size"
   text	   data	    bss	    dec	    hex	filename
  10680	    352	   2240	  13272	   33d8	programator.elf
'Finished building: programator.elf.size'
' '
13:14:15 **** Incremental Build of configuration Debug for project programator ****
make all 
make: Nie ma nic do zrobienia w `all'.
13:18:54 **** Auto Build of configuration Debug for project programator ****
make all 
'Building file: ../src/helloworld.c'
'Invoking: MicroBlaze gcc compiler'
mb-gcc -Wall -O0 -g3 -c -fmessage-length=0 -MT"src/helloworld.o" -I../../programator_bsp/microblaze_0/include -mlittle-endian -mcpu=v9.5 -mxl-soft-mul -Wl,--no-relax -MMD -MP -MF"src/helloworld.d" -MT"src/helloworld.d" -o "src/helloworld.o" "../src/helloworld.c"
In file included from ../src/helloworld.c:3:0:
../src/helloworld.c: In function 'main':
../../programator_bsp/microblaze_0/include/xparameters.h:497:34: warning: large integer implicitly truncated to unsigned type [-Woverflow]
 #define XPAR_AXI_GPIO_0_BASEADDR 0x40000000
                                  ^
../src/helloworld.c:15:26: note: in expansion of macro 'XPAR_AXI_GPIO_0_BASEADDR'
  XGpio_Initialize(&gpio, XPAR_AXI_GPIO_0_BASEADDR);
                          ^
'Finished building: ../src/helloworld.c'
' '
'Building target: programator.elf'
'Invoking: MicroBlaze gcc linker'
mb-gcc -Wl,-T -Wl,../src/lscript.ld -L../../programator_bsp/microblaze_0/lib -mlittle-endian -mcpu=v9.5 -mxl-soft-mul -Wl,--no-relax -o "programator.elf"  ./src/helloworld.o ./src/platform.o   -Wl,--start-group,-lxil,-lgcc,-lc,--end-group -Wl,--start-group,-lxilisf,-lxil,-lgcc,-lc,--end-group
'Finished building target: programator.elf'
' '
'Invoking: MicroBlaze Print Size'
mb-size programator.elf  |tee "programator.elf.size"
   text	   data	    bss	    dec	    hex	filename
  10856	    352	   2240	  13448	   3488	programator.elf
'Finished building: programator.elf.size'
' '
13:19:04 **** Auto Build of configuration Debug for project programator ****
make all 
'Building file: ../src/helloworld.c'
'Invoking: MicroBlaze gcc compiler'
mb-gcc -Wall -O0 -g3 -c -fmessage-length=0 -MT"src/helloworld.o" -I../../programator_bsp/microblaze_0/include -mlittle-endian -mcpu=v9.5 -mxl-soft-mul -Wl,--no-relax -MMD -MP -MF"src/helloworld.d" -MT"src/helloworld.d" -o "src/helloworld.o" "../src/helloworld.c"
In file included from ../src/helloworld.c:3:0:
../src/helloworld.c: In function 'main':
../../programator_bsp/microblaze_0/include/xparameters.h:497:34: warning: large integer implicitly truncated to unsigned type [-Woverflow]
 #define XPAR_AXI_GPIO_0_BASEADDR 0x40000000
                                  ^
../src/helloworld.c:15:26: note: in expansion of macro 'XPAR_AXI_GPIO_0_BASEADDR'
  XGpio_Initialize(&gpio, XPAR_AXI_GPIO_0_BASEADDR);
                          ^
'Finished building: ../src/helloworld.c'
' '
'Building target: programator.elf'
'Invoking: MicroBlaze gcc linker'
mb-gcc -Wl,-T -Wl,../src/lscript.ld -L../../programator_bsp/microblaze_0/lib -mlittle-endian -mcpu=v9.5 -mxl-soft-mul -Wl,--no-relax -o "programator.elf"  ./src/helloworld.o ./src/platform.o   -Wl,--start-group,-lxil,-lgcc,-lc,--end-group -Wl,--start-group,-lxilisf,-lxil,-lgcc,-lc,--end-group
'Finished building target: programator.elf'
' '
'Invoking: MicroBlaze Print Size'
mb-size programator.elf  |tee "programator.elf.size"
   text	   data	    bss	    dec	    hex	filename
  10856	    352	   2240	  13448	   3488	programator.elf
'Finished building: programator.elf.size'
' '
13:19:29 **** Incremental Build of configuration Debug for project programator ****
make all 
make: Nie ma nic do zrobienia w `all'.
13:27:13 **** Incremental Build of configuration Debug for project programator ****
make all 
make: Nie ma nic do zrobienia w `all'.
13:28:54 **** Auto Build of configuration Debug for project programator ****
make all 
'Building file: ../src/helloworld.c'
'Invoking: MicroBlaze gcc compiler'
mb-gcc -Wall -O0 -g3 -c -fmessage-length=0 -MT"src/helloworld.o" -I../../programator_bsp/microblaze_0/include -mlittle-endian -mcpu=v9.5 -mxl-soft-mul -Wl,--no-relax -MMD -MP -MF"src/helloworld.d" -MT"src/helloworld.d" -o "src/helloworld.o" "../src/helloworld.c"
../src/helloworld.c:6:19: fatal error: sleep.h: No such file or directory
 #include "sleep.h"
                   ^
compilation terminated.
make: *** [src/helloworld.o] B³¹d 1
13:28:55 **** Auto Build of configuration Debug for project programator ****
make all 
'Building file: ../src/helloworld.c'
'Invoking: MicroBlaze gcc compiler'
mb-gcc -Wall -O0 -g3 -c -fmessage-length=0 -MT"src/helloworld.o" -I../../programator_bsp/microblaze_0/include -mlittle-endian -mcpu=v9.5 -mxl-soft-mul -Wl,--no-relax -MMD -MP -MF"src/helloworld.d" -MT"src/helloworld.d" -o "src/helloworld.o" "../src/helloworld.c"
../src/helloworld.c:6:19: fatal error: sleep.h: No such file or directory
 #include "sleep.h"
                   ^
compilation terminated.
make: *** [src/helloworld.o] B³¹d 1
13:31:27 **** Auto Build of configuration Debug for project programator ****
make all 
'Building file: ../src/helloworld.c'
'Invoking: MicroBlaze gcc compiler'
mb-gcc -Wall -O0 -g3 -c -fmessage-length=0 -MT"src/helloworld.o" -I../../programator_bsp/microblaze_0/include -mlittle-endian -mcpu=v9.5 -mxl-soft-mul -Wl,--no-relax -MMD -MP -MF"src/helloworld.d" -MT"src/helloworld.d" -o "src/helloworld.o" "../src/helloworld.c"
../src/helloworld.c:6:19: fatal error: sleep.h: No such file or directory
 #include "sleep.h"
                   ^
compilation terminated.
make: *** [src/helloworld.o] B³¹d 1
13:31:35 **** Auto Build of configuration Debug for project programator ****
make all 
'Building file: ../src/helloworld.c'
'Invoking: MicroBlaze gcc compiler'
mb-gcc -Wall -O0 -g3 -c -fmessage-length=0 -MT"src/helloworld.o" -I../../programator_bsp/microblaze_0/include -mlittle-endian -mcpu=v9.5 -mxl-soft-mul -Wl,--no-relax -MMD -MP -MF"src/helloworld.d" -MT"src/helloworld.d" -o "src/helloworld.o" "../src/helloworld.c"
In file included from ../src/helloworld.c:3:0:
../src/helloworld.c: In function 'main':
../../programator_bsp/microblaze_0/include/xparameters.h:497:34: warning: large integer implicitly truncated to unsigned type [-Woverflow]
 #define XPAR_AXI_GPIO_0_BASEADDR 0x40000000
                                  ^
../src/helloworld.c:21:26: note: in expansion of macro 'XPAR_AXI_GPIO_0_BASEADDR'
  XGpio_Initialize(&gpio, XPAR_AXI_GPIO_0_BASEADDR);
                          ^
'Finished building: ../src/helloworld.c'
' '
'Building target: programator.elf'
'Invoking: MicroBlaze gcc linker'
mb-gcc -Wl,-T -Wl,../src/lscript.ld -L../../programator_bsp/microblaze_0/lib -mlittle-endian -mcpu=v9.5 -mxl-soft-mul -Wl,--no-relax -o "programator.elf"  ./src/helloworld.o ./src/platform.o   -Wl,--start-group,-lxil,-lgcc,-lc,--end-group -Wl,--start-group,-lxilisf,-lxil,-lgcc,-lc,--end-group
'Finished building target: programator.elf'
' '
'Invoking: MicroBlaze Print Size'
mb-size programator.elf  |tee "programator.elf.size"
   text	   data	    bss	    dec	    hex	filename
  11004	    352	   2244	  13600	   3520	programator.elf
'Finished building: programator.elf.size'
' '
13:31:54 **** Auto Build of configuration Debug for project programator ****
make all 
'Building file: ../src/helloworld.c'
'Invoking: MicroBlaze gcc compiler'
mb-gcc -Wall -O0 -g3 -c -fmessage-length=0 -MT"src/helloworld.o" -I../../programator_bsp/microblaze_0/include -mlittle-endian -mcpu=v9.5 -mxl-soft-mul -Wl,--no-relax -MMD -MP -MF"src/helloworld.d" -MT"src/helloworld.d" -o "src/helloworld.o" "../src/helloworld.c"
In file included from ../src/helloworld.c:3:0:
../src/helloworld.c: In function 'main':
../../programator_bsp/microblaze_0/include/xparameters.h:497:34: warning: large integer implicitly truncated to unsigned type [-Woverflow]
 #define XPAR_AXI_GPIO_0_BASEADDR 0x40000000
                                  ^
../src/helloworld.c:21:26: note: in expansion of macro 'XPAR_AXI_GPIO_0_BASEADDR'
  XGpio_Initialize(&gpio, XPAR_AXI_GPIO_0_BASEADDR);
                          ^
'Finished building: ../src/helloworld.c'
' '
'Building target: programator.elf'
'Invoking: MicroBlaze gcc linker'
mb-gcc -Wl,-T -Wl,../src/lscript.ld -L../../programator_bsp/microblaze_0/lib -mlittle-endian -mcpu=v9.5 -mxl-soft-mul -Wl,--no-relax -o "programator.elf"  ./src/helloworld.o ./src/platform.o   -Wl,--start-group,-lxil,-lgcc,-lc,--end-group -Wl,--start-group,-lxilisf,-lxil,-lgcc,-lc,--end-group
'Finished building target: programator.elf'
' '
'Invoking: MicroBlaze Print Size'
mb-size programator.elf  |tee "programator.elf.size"
   text	   data	    bss	    dec	    hex	filename
  11028	    352	   2244	  13624	   3538	programator.elf
'Finished building: programator.elf.size'
' '
13:32:08 **** Incremental Build of configuration Debug for project programator ****
make all 
make: Nie ma nic do zrobienia w `all'.
13:33:41 **** Auto Build of configuration Debug for project programator ****
make all 
'Building file: ../src/helloworld.c'
'Invoking: MicroBlaze gcc compiler'
mb-gcc -Wall -O0 -g3 -c -fmessage-length=0 -MT"src/helloworld.o" -I../../programator_bsp/microblaze_0/include -mlittle-endian -mcpu=v9.5 -mxl-soft-mul -Wl,--no-relax -MMD -MP -MF"src/helloworld.d" -MT"src/helloworld.d" -o "src/helloworld.o" "../src/helloworld.c"
In file included from ../src/helloworld.c:3:0:
../src/helloworld.c: In function 'main':
../../programator_bsp/microblaze_0/include/xparameters.h:497:34: warning: large integer implicitly truncated to unsigned type [-Woverflow]
 #define XPAR_AXI_GPIO_0_BASEADDR 0x40000000
                                  ^
../src/helloworld.c:21:26: note: in expansion of macro 'XPAR_AXI_GPIO_0_BASEADDR'
  XGpio_Initialize(&gpio, XPAR_AXI_GPIO_0_BASEADDR);
                          ^
../src/helloworld.c:25:19: warning: unused variable 'i' [-Wunused-variable]
  uint8_t len = 7, i = 0;
                   ^
../src/helloworld.c:25:10: warning: unused variable 'len' [-Wunused-variable]
  uint8_t len = 7, i = 0;
          ^
../src/helloworld.c:23:11: warning: unused variable 'data' [-Wunused-variable]
  uint64_t data[] = { 0x01000000C0, 0x00000000FE, 0x10000000E0, 0x1C000000E0,
           ^
'Finished building: ../src/helloworld.c'
' '
'Building target: programator.elf'
'Invoking: MicroBlaze gcc linker'
mb-gcc -Wl,-T -Wl,../src/lscript.ld -L../../programator_bsp/microblaze_0/lib -mlittle-endian -mcpu=v9.5 -mxl-soft-mul -Wl,--no-relax -o "programator.elf"  ./src/helloworld.o ./src/platform.o   -Wl,--start-group,-lxil,-lgcc,-lc,--end-group -Wl,--start-group,-lxilisf,-lxil,-lgcc,-lc,--end-group
'Finished building target: programator.elf'
' '
'Invoking: MicroBlaze Print Size'
mb-size programator.elf  |tee "programator.elf.size"
   text	   data	    bss	    dec	    hex	filename
  10628	    352	   2244	  13224	   33a8	programator.elf
'Finished building: programator.elf.size'
' '
14:12:35 **** Incremental Build of configuration Debug for project programator ****
make all 
make: Nie ma nic do zrobienia w `all'.
14:12:58 **** Incremental Build of configuration Debug for project programator ****
make all 
make: Nie ma nic do zrobienia w `all'.
14:58:34 **** Auto Build of configuration Debug for project programator ****
make all 
'Building file: ../src/helloworld.c'
'Invoking: MicroBlaze gcc compiler'
mb-gcc -Wall -O0 -g3 -c -fmessage-length=0 -MT"src/helloworld.o" -I../../programator_bsp/microblaze_0/include -mlittle-endian -mcpu=v9.5 -mxl-soft-mul -Wl,--no-relax -MMD -MP -MF"src/helloworld.d" -MT"src/helloworld.d" -o "src/helloworld.o" "../src/helloworld.c"
In file included from ../src/helloworld.c:3:0:
../src/helloworld.c: In function 'main':
../../programator_bsp/microblaze_0/include/xparameters.h:497:34: warning: large integer implicitly truncated to unsigned type [-Woverflow]
 #define XPAR_AXI_GPIO_0_BASEADDR 0x40000000
                                  ^
../src/helloworld.c:21:26: note: in expansion of macro 'XPAR_AXI_GPIO_0_BASEADDR'
  XGpio_Initialize(&gpio, XPAR_AXI_GPIO_0_BASEADDR);
                          ^
../src/helloworld.c:40:1: warning: statement with no effect [-Wunused-value]
 190 XGpio_DiscreteSet(&gpio, 2, 0x8000);
 ^
../src/helloworld.c:40:5: error: expected ';' before 'XGpio_DiscreteSet'
 190 XGpio_DiscreteSet(&gpio, 2, 0x8000);
     ^
../src/helloworld.c:25:19: warning: unused variable 'i' [-Wunused-variable]
  uint8_t len = 7, i = 0;
                   ^
../src/helloworld.c:25:10: warning: unused variable 'len' [-Wunused-variable]
  uint8_t len = 7, i = 0;
          ^
../src/helloworld.c:23:11: warning: unused variable 'data' [-Wunused-variable]
  uint64_t data[] = { 0x01000000C0, 0x00000000FE, 0x10000000E0, 0x1C000000E0,
           ^
make: *** [src/helloworld.o] B³¹d 1
16:56:30 **** Auto Build of project programator_bsp ****
make -k all 
"Running Make include in microblaze_0/libsrc/bram_v4_0/src"
make -C microblaze_0/libsrc/bram_v4_0/src -s include  "SHELL=CMD" "COMPILER=mb-gcc" "ARCHIVER=mb-ar" "COMPILER_FLAGS= -O2 -c -mcpu=v9.5 -mlittle-endian -mxl-soft-mul" "EXTRA_COMPILER_FLAGS=-g"
"Running Make include in microblaze_0/libsrc/cpu_v2_3/src"
make -C microblaze_0/libsrc/cpu_v2_3/src -s include  "SHELL=CMD" "COMPILER=mb-gcc" "ARCHIVER=mb-ar" "COMPILER_FLAGS= -O2 -c -mcpu=v9.5 -mlittle-endian -mxl-soft-mul" "EXTRA_COMPILER_FLAGS=-g"
"Running Make include in microblaze_0/libsrc/gpio_v4_0/src"
make -C microblaze_0/libsrc/gpio_v4_0/src -s include  "SHELL=CMD" "COMPILER=mb-gcc" "ARCHIVER=mb-ar" "COMPILER_FLAGS= -O2 -c -mcpu=v9.5 -mlittle-endian -mxl-soft-mul" "EXTRA_COMPILER_FLAGS=-g"
"Running Make include in microblaze_0/libsrc/intc_v3_3/src"
make -C microblaze_0/libsrc/intc_v3_3/src -s include  "SHELL=CMD" "COMPILER=mb-gcc" "ARCHIVER=mb-ar" "COMPILER_FLAGS= -O2 -c -mcpu=v9.5 -mlittle-endian -mxl-soft-mul" "EXTRA_COMPILER_FLAGS=-g"
"Running Make include in microblaze_0/libsrc/spi_v4_1/src"
make -C microblaze_0/libsrc/spi_v4_1/src -s include  "SHELL=CMD" "COMPILER=mb-gcc" "ARCHIVER=mb-ar" "COMPILER_FLAGS= -O2 -c -mcpu=v9.5 -mlittle-endian -mxl-soft-mul" "EXTRA_COMPILER_FLAGS=-g"
"Running Make include in microblaze_0/libsrc/standalone_v5_1/src"
make -C microblaze_0/libsrc/standalone_v5_1/src -s include  "SHELL=CMD" "COMPILER=mb-gcc" "ARCHIVER=mb-ar" "COMPILER_FLAGS= -O2 -c -mcpu=v9.5 -mlittle-endian -mxl-soft-mul" "EXTRA_COMPILER_FLAGS=-g"
"Running Make include in microblaze_0/libsrc/uartlite_v3_0/src"
make -C microblaze_0/libsrc/uartlite_v3_0/src -s include  "SHELL=CMD" "COMPILER=mb-gcc" "ARCHIVER=mb-ar" "COMPILER_FLAGS= -O2 -c -mcpu=v9.5 -mlittle-endian -mxl-soft-mul" "EXTRA_COMPILER_FLAGS=-g"
"Running Make include in microblaze_0/libsrc/xilisf_v5_2/src"
make -C microblaze_0/libsrc/xilisf_v5_2/src -s include  "SHELL=CMD" "COMPILER=mb-gcc" "ARCHIVER=mb-ar" "COMPILER_FLAGS= -O2 -c -mcpu=v9.5 -mlittle-endian -mxl-soft-mul" "EXTRA_COMPILER_FLAGS=-g"
"Running Make libs in microblaze_0/libsrc/bram_v4_0/src"
make -C microblaze_0/libsrc/bram_v4_0/src -s libs  "SHELL=CMD" "COMPILER=mb-gcc" "ARCHIVER=mb-ar" "COMPILER_FLAGS= -O2 -c -mcpu=v9.5 -mlittle-endian -mxl-soft-mul" "EXTRA_COMPILER_FLAGS=-g"
"Compiling bram"
"Running Make libs in microblaze_0/libsrc/cpu_v2_3/src"
make -C microblaze_0/libsrc/cpu_v2_3/src -s libs  "SHELL=CMD" "COMPILER=mb-gcc" "ARCHIVER=mb-ar" "COMPILER_FLAGS= -O2 -c -mcpu=v9.5 -mlittle-endian -mxl-soft-mul" "EXTRA_COMPILER_FLAGS=-g"
"Compiling cpu"
"Running Make libs in microblaze_0/libsrc/gpio_v4_0/src"
make -C microblaze_0/libsrc/gpio_v4_0/src -s libs  "SHELL=CMD" "COMPILER=mb-gcc" "ARCHIVER=mb-ar" "COMPILER_FLAGS= -O2 -c -mcpu=v9.5 -mlittle-endian -mxl-soft-mul" "EXTRA_COMPILER_FLAGS=-g"
"Compiling gpio"
"Running Make libs in microblaze_0/libsrc/intc_v3_3/src"
make -C microblaze_0/libsrc/intc_v3_3/src -s libs  "SHELL=CMD" "COMPILER=mb-gcc" "ARCHIVER=mb-ar" "COMPILER_FLAGS= -O2 -c -mcpu=v9.5 -mlittle-endian -mxl-soft-mul" "EXTRA_COMPILER_FLAGS=-g"
"Compiling intc"
"Running Make libs in microblaze_0/libsrc/spi_v4_1/src"
make -C microblaze_0/libsrc/spi_v4_1/src -s libs  "SHELL=CMD" "COMPILER=mb-gcc" "ARCHIVER=mb-ar" "COMPILER_FLAGS= -O2 -c -mcpu=v9.5 -mlittle-endian -mxl-soft-mul" "EXTRA_COMPILER_FLAGS=-g"
"Compiling spi"
"Running Make libs in microblaze_0/libsrc/standalone_v5_1/src"
make -C microblaze_0/libsrc/standalone_v5_1/src -s libs  "SHELL=CMD" "COMPILER=mb-gcc" "ARCHIVER=mb-ar" "COMPILER_FLAGS= -O2 -c -mcpu=v9.5 -mlittle-endian -mxl-soft-mul" "EXTRA_COMPILER_FLAGS=-g"
"Compiling standalone";
"Running Make libs in microblaze_0/libsrc/uartlite_v3_0/src"
make -C microblaze_0/libsrc/uartlite_v3_0/src -s libs  "SHELL=CMD" "COMPILER=mb-gcc" "ARCHIVER=mb-ar" "COMPILER_FLAGS= -O2 -c -mcpu=v9.5 -mlittle-endian -mxl-soft-mul" "EXTRA_COMPILER_FLAGS=-g"
"Compiling uartlite"
"Running Make libs in microblaze_0/libsrc/xilisf_v5_2/src"
make -C microblaze_0/libsrc/xilisf_v5_2/src -s libs  "SHELL=CMD" "COMPILER=mb-gcc" "ARCHIVER=mb-ar" "COMPILER_FLAGS= -O2 -c -mcpu=v9.5 -mlittle-endian -mxl-soft-mul" "EXTRA_COMPILER_FLAGS=-g"
"Compiling XilIsf Library"
xilisf.c: In function 'XIsf_RegisterInterface':
xilisf.c:1165:41: warning: assignment from incompatible pointer type
  InstancePtr->XIsf_Iface_SetSlaveSelect = XSpi_SetSlaveSelect;
                                         ^
"Creating archive libxilisf.a"
'Finished building libraries'
16:56:48 **** Auto Build of configuration Debug for project programator ****
make all 
'Building file: ../src/helloworld.c'
'Invoking: MicroBlaze gcc compiler'
mb-gcc -Wall -O0 -g3 -c -fmessage-length=0 -MT"src/helloworld.o" -I../../programator_bsp/microblaze_0/include -mlittle-endian -mcpu=v9.5 -mxl-soft-mul -Wl,--no-relax -MMD -MP -MF"src/helloworld.d" -MT"src/helloworld.d" -o "src/helloworld.o" "../src/helloworld.c"
In file included from ../src/helloworld.c:3:0:
../src/helloworld.c: In function 'main':
../../programator_bsp/microblaze_0/include/xparameters.h:497:34: warning: large integer implicitly truncated to unsigned type [-Woverflow]
 #define XPAR_AXI_GPIO_0_BASEADDR 0x40000000
                                  ^
../src/helloworld.c:21:26: note: in expansion of macro 'XPAR_AXI_GPIO_0_BASEADDR'
  XGpio_Initialize(&gpio, XPAR_AXI_GPIO_0_BASEADDR);
                          ^
../src/helloworld.c:40:1: warning: statement with no effect [-Wunused-value]
 190 XGpio_DiscreteSet(&gpio, 2, 0x8000);
 ^
../src/helloworld.c:40:5: error: expected ';' before 'XGpio_DiscreteSet'
 190 XGpio_DiscreteSet(&gpio, 2, 0x8000);
     ^
../src/helloworld.c:25:19: warning: unused variable 'i' [-Wunused-variable]
  uint8_t len = 7, i = 0;
                   ^
../src/helloworld.c:25:10: warning: unused variable 'len' [-Wunused-variable]
  uint8_t len = 7, i = 0;
          ^
../src/helloworld.c:23:11: warning: unused variable 'data' [-Wunused-variable]
  uint64_t data[] = { 0x01000000C0, 0x00000000FE, 0x10000000E0, 0x1C000000E0,
           ^
make: *** [src/helloworld.o] B³¹d 1
16:58:29 **** Auto Build of configuration Debug for project programator ****
make all 
'Building file: ../src/helloworld.c'
'Invoking: MicroBlaze gcc compiler'
mb-gcc -Wall -O0 -g3 -c -fmessage-length=0 -MT"src/helloworld.o" -I../../programator_bsp/microblaze_0/include -mlittle-endian -mcpu=v9.5 -mxl-soft-mul -Wl,--no-relax -MMD -MP -MF"src/helloworld.d" -MT"src/helloworld.d" -o "src/helloworld.o" "../src/helloworld.c"
In file included from ../src/helloworld.c:3:0:
../src/helloworld.c: In function 'main':
../../programator_bsp/microblaze_0/include/xparameters.h:497:34: warning: large integer implicitly truncated to unsigned type [-Woverflow]
 #define XPAR_AXI_GPIO_0_BASEADDR 0x40000000
                                  ^
../src/helloworld.c:21:26: note: in expansion of macro 'XPAR_AXI_GPIO_0_BASEADDR'
  XGpio_Initialize(&gpio, XPAR_AXI_GPIO_0_BASEADDR);
                          ^
../src/helloworld.c:25:19: warning: unused variable 'i' [-Wunused-variable]
  uint8_t len = 7, i = 0;
                   ^
../src/helloworld.c:25:10: warning: unused variable 'len' [-Wunused-variable]
  uint8_t len = 7, i = 0;
          ^
../src/helloworld.c:23:11: warning: unused variable 'data' [-Wunused-variable]
  uint64_t data[] = { 0x01000000C0, 0x00000000FE, 0x10000000E0, 0x1C000000E0,
           ^
'Finished building: ../src/helloworld.c'
' '
'Building file: ../src/platform.c'
'Invoking: MicroBlaze gcc compiler'
mb-gcc -Wall -O0 -g3 -c -fmessage-length=0 -MT"src/platform.o" -I../../programator_bsp/microblaze_0/include -mlittle-endian -mcpu=v9.5 -mxl-soft-mul -Wl,--no-relax -MMD -MP -MF"src/platform.d" -MT"src/platform.d" -o "src/platform.o" "../src/platform.c"
'Finished building: ../src/platform.c'
' '
'Building target: programator.elf'
'Invoking: MicroBlaze gcc linker'
mb-gcc -Wl,-T -Wl,../src/lscript.ld -L../../programator_bsp/microblaze_0/lib -mlittle-endian -mcpu=v9.5 -mxl-soft-mul -Wl,--no-relax -o "programator.elf"  ./src/helloworld.o ./src/platform.o   -Wl,--start-group,-lxil,-lgcc,-lc,--end-group -Wl,--start-group,-lxilisf,-lxil,-lgcc,-lc,--end-group
'Finished building target: programator.elf'
' '
'Invoking: MicroBlaze Print Size'
mb-size programator.elf  |tee "programator.elf.size"
   text	   data	    bss	    dec	    hex	filename
  10628	    352	   2244	  13224	   33a8	programator.elf
'Finished building: programator.elf.size'
' '
16:58:32 **** Incremental Build of configuration Debug for project programator ****
make all 
make: Nie ma nic do zrobienia w `all'.
17:47:02 **** Auto Build of configuration Debug for project programator ****
make all 
'Building file: ../src/helloworld.c'
'Invoking: MicroBlaze gcc compiler'
mb-gcc -Wall -O0 -g3 -c -fmessage-length=0 -MT"src/helloworld.o" -I../../programator_bsp/microblaze_0/include -mlittle-endian -mcpu=v9.5 -mxl-soft-mul -Wl,--no-relax -MMD -MP -MF"src/helloworld.d" -MT"src/helloworld.d" -o "src/helloworld.o" "../src/helloworld.c"
In file included from ../src/helloworld.c:3:0:
../src/helloworld.c: In function 'main':
../../programator_bsp/microblaze_0/include/xparameters.h:497:34: warning: large integer implicitly truncated to unsigned type [-Woverflow]
 #define XPAR_AXI_GPIO_0_BASEADDR 0x40000000
                                  ^
../src/helloworld.c:21:26: note: in expansion of macro 'XPAR_AXI_GPIO_0_BASEADDR'
  XGpio_Initialize(&gpio, XPAR_AXI_GPIO_0_BASEADDR);
                          ^
../src/helloworld.c:25:19: warning: unused variable 'i' [-Wunused-variable]
  uint8_t len = 7, i = 0;
                   ^
../src/helloworld.c:25:10: warning: unused variable 'len' [-Wunused-variable]
  uint8_t len = 7, i = 0;
          ^
../src/helloworld.c:23:11: warning: unused variable 'data' [-Wunused-variable]
  uint64_t data[] = { 0x01000000C0, 0x00000000FE, 0x10000000E0, 0x1C000000E0,
           ^
'Finished building: ../src/helloworld.c'
' '
'Building target: programator.elf'
'Invoking: MicroBlaze gcc linker'
mb-gcc -Wl,-T -Wl,../src/lscript.ld -L../../programator_bsp/microblaze_0/lib -mlittle-endian -mcpu=v9.5 -mxl-soft-mul -Wl,--no-relax -o "programator.elf"  ./src/helloworld.o ./src/platform.o   -Wl,--start-group,-lxil,-lgcc,-lc,--end-group -Wl,--start-group,-lxilisf,-lxil,-lgcc,-lc,--end-group
./src/helloworld.o: In function `main':
E:\Dropbox\mgr\Workspaces\Vivado\CPUv1\CPUv1.sdk\programator\Debug/../src/helloworld.c:21: undefined reference to `XGpio_Initialize'
E:\Dropbox\mgr\Workspaces\Vivado\CPUv1\CPUv1.sdk\programator\Debug/../src/helloworld.c:40: undefined reference to `XGpio_DiscreteSet'
../../programator_bsp/microblaze_0/lib\libxil.a(microblaze_interrupts_g.o):(.data+0x0): undefined reference to `XIntc_DeviceInterruptHandler'
collect2.exe: error: ld returned 1 exit status
make: *** [programator.elf] B³¹d 1
17:47:16 **** Auto Build of configuration Debug for project programator ****
make all 
'Building file: ../src/helloworld.c'
'Invoking: MicroBlaze gcc compiler'
mb-gcc -Wall -O0 -g3 -c -fmessage-length=0 -MT"src/helloworld.o" -I../../programator_bsp/microblaze_0/include -mlittle-endian -mcpu=v9.5 -mxl-soft-mul -Wl,--no-relax -MMD -MP -MF"src/helloworld.d" -MT"src/helloworld.d" -o "src/helloworld.o" "../src/helloworld.c"
../src/helloworld.c:5:18: fatal error: xgpo.h: No such file or directory
 #include "xgpo.h"
                  ^
compilation terminated.
make: *** [src/helloworld.o] B³¹d 1
17:47:19 **** Auto Build of configuration Debug for project programator ****
make all 
'Building file: ../src/helloworld.c'
'Invoking: MicroBlaze gcc compiler'
mb-gcc -Wall -O0 -g3 -c -fmessage-length=0 -MT"src/helloworld.o" -I../../programator_bsp/microblaze_0/include -mlittle-endian -mcpu=v9.5 -mxl-soft-mul -Wl,--no-relax -MMD -MP -MF"src/helloworld.d" -MT"src/helloworld.d" -o "src/helloworld.o" "../src/helloworld.c"
In file included from ../src/helloworld.c:3:0:
../src/helloworld.c: In function 'main':
../../programator_bsp/microblaze_0/include/xparameters.h:497:34: warning: large integer implicitly truncated to unsigned type [-Woverflow]
 #define XPAR_AXI_GPIO_0_BASEADDR 0x40000000
                                  ^
../src/helloworld.c:21:26: note: in expansion of macro 'XPAR_AXI_GPIO_0_BASEADDR'
  XGpio_Initialize(&gpio, XPAR_AXI_GPIO_0_BASEADDR);
                          ^
../src/helloworld.c:25:19: warning: unused variable 'i' [-Wunused-variable]
  uint8_t len = 7, i = 0;
                   ^
../src/helloworld.c:25:10: warning: unused variable 'len' [-Wunused-variable]
  uint8_t len = 7, i = 0;
          ^
../src/helloworld.c:23:11: warning: unused variable 'data' [-Wunused-variable]
  uint64_t data[] = { 0x01000000C0, 0x00000000FE, 0x10000000E0, 0x1C000000E0,
           ^
'Finished building: ../src/helloworld.c'
' '
'Building target: programator.elf'
'Invoking: MicroBlaze gcc linker'
mb-gcc -Wl,-T -Wl,../src/lscript.ld -L../../programator_bsp/microblaze_0/lib -mlittle-endian -mcpu=v9.5 -mxl-soft-mul -Wl,--no-relax -o "programator.elf"  ./src/helloworld.o ./src/platform.o   -Wl,--start-group,-lxil,-lgcc,-lc,--end-group -Wl,--start-group,-lxilisf,-lxil,-lgcc,-lc,--end-group
./src/helloworld.o: In function `main':
E:\Dropbox\mgr\Workspaces\Vivado\CPUv1\CPUv1.sdk\programator\Debug/../src/helloworld.c:21: undefined reference to `XGpio_Initialize'
E:\Dropbox\mgr\Workspaces\Vivado\CPUv1\CPUv1.sdk\programator\Debug/../src/helloworld.c:40: undefined reference to `XGpio_DiscreteSet'
../../programator_bsp/microblaze_0/lib\libxil.a(microblaze_interrupts_g.o):(.data+0x0): undefined reference to `XIntc_DeviceInterruptHandler'
collect2.exe: error: ld returned 1 exit status
make: *** [programator.elf] B³¹d 1
17:47:21 **** Auto Build of configuration Debug for project programator ****
make all 
'Building file: ../src/helloworld.c'
'Invoking: MicroBlaze gcc compiler'
mb-gcc -Wall -O0 -g3 -c -fmessage-length=0 -MT"src/helloworld.o" -I../../programator_bsp/microblaze_0/include -mlittle-endian -mcpu=v9.5 -mxl-soft-mul -Wl,--no-relax -MMD -MP -MF"src/helloworld.d" -MT"src/helloworld.d" -o "src/helloworld.o" "../src/helloworld.c"
../src/helloworld.c:5:18: fatal error: xgpo.h: No such file or directory
 #include "xgpo.h"
                  ^
compilation terminated.
make: *** [src/helloworld.o] B³¹d 1
17:47:25 **** Auto Build of configuration Debug for project programator ****
make all 
'Building file: ../src/helloworld.c'
'Invoking: MicroBlaze gcc compiler'
mb-gcc -Wall -O0 -g3 -c -fmessage-length=0 -MT"src/helloworld.o" -I../../programator_bsp/microblaze_0/include -mlittle-endian -mcpu=v9.5 -mxl-soft-mul -Wl,--no-relax -MMD -MP -MF"src/helloworld.d" -MT"src/helloworld.d" -o "src/helloworld.o" "../src/helloworld.c"
../src/helloworld.c:15:8: error: unknown type name 'XGpio'
 static XGpio gpio;
        ^
../src/helloworld.c: In function 'main':
../src/helloworld.c:21:2: warning: implicit declaration of function 'XGpio_Initialize' [-Wimplicit-function-declaration]
  XGpio_Initialize(&gpio, XPAR_AXI_GPIO_0_BASEADDR);
  ^
../src/helloworld.c:40:2: warning: implicit declaration of function 'XGpio_DiscreteSet' [-Wimplicit-function-declaration]
  XGpio_DiscreteSet(&gpio, 2, 0x8000);
  ^
../src/helloworld.c:25:19: warning: unused variable 'i' [-Wunused-variable]
  uint8_t len = 7, i = 0;
                   ^
../src/helloworld.c:25:10: warning: unused variable 'len' [-Wunused-variable]
  uint8_t len = 7, i = 0;
          ^
../src/helloworld.c:23:11: warning: unused variable 'data' [-Wunused-variable]
  uint64_t data[] = { 0x01000000C0, 0x00000000FE, 0x10000000E0, 0x1C000000E0,
           ^
make: *** [src/helloworld.o] B³¹d 1
17:47:33 **** Auto Build of configuration Debug for project programator ****
make all 
'Building file: ../src/helloworld.c'
'Invoking: MicroBlaze gcc compiler'
mb-gcc -Wall -O0 -g3 -c -fmessage-length=0 -MT"src/helloworld.o" -I../../programator_bsp/microblaze_0/include -mlittle-endian -mcpu=v9.5 -mxl-soft-mul -Wl,--no-relax -MMD -MP -MF"src/helloworld.d" -MT"src/helloworld.d" -o "src/helloworld.o" "../src/helloworld.c"
In file included from ../src/helloworld.c:3:0:
../src/helloworld.c: In function 'main':
../../programator_bsp/microblaze_0/include/xparameters.h:497:34: warning: large integer implicitly truncated to unsigned type [-Woverflow]
 #define XPAR_AXI_GPIO_0_BASEADDR 0x40000000
                                  ^
../src/helloworld.c:21:26: note: in expansion of macro 'XPAR_AXI_GPIO_0_BASEADDR'
  XGpio_Initialize(&gpio, XPAR_AXI_GPIO_0_BASEADDR);
                          ^
../src/helloworld.c:25:19: warning: unused variable 'i' [-Wunused-variable]
  uint8_t len = 7, i = 0;
                   ^
../src/helloworld.c:25:10: warning: unused variable 'len' [-Wunused-variable]
  uint8_t len = 7, i = 0;
          ^
../src/helloworld.c:23:11: warning: unused variable 'data' [-Wunused-variable]
  uint64_t data[] = { 0x01000000C0, 0x00000000FE, 0x10000000E0, 0x1C000000E0,
           ^
'Finished building: ../src/helloworld.c'
' '
'Building target: programator.elf'
'Invoking: MicroBlaze gcc linker'
mb-gcc -Wl,-T -Wl,../src/lscript.ld -L../../programator_bsp/microblaze_0/lib -mlittle-endian -mcpu=v9.5 -mxl-soft-mul -Wl,--no-relax -o "programator.elf"  ./src/helloworld.o ./src/platform.o   -Wl,--start-group,-lxil,-lgcc,-lc,--end-group -Wl,--start-group,-lxilisf,-lxil,-lgcc,-lc,--end-group
./src/helloworld.o: In function `main':
E:\Dropbox\mgr\Workspaces\Vivado\CPUv1\CPUv1.sdk\programator\Debug/../src/helloworld.c:21: undefined reference to `XGpio_Initialize'
E:\Dropbox\mgr\Workspaces\Vivado\CPUv1\CPUv1.sdk\programator\Debug/../src/helloworld.c:40: undefined reference to `XGpio_DiscreteSet'
../../programator_bsp/microblaze_0/lib\libxil.a(microblaze_interrupts_g.o):(.data+0x0): undefined reference to `XIntc_DeviceInterruptHandler'
collect2.exe: error: ld returned 1 exit status
make: *** [programator.elf] B³¹d 1
17:47:42 **** Clean-only build of configuration Debug for project programator ****
make clean 
rm -rf  ./src/helloworld.o ./src/platform.o  ./src/helloworld.d ./src/platform.d  programator.elf.size  programator.elf
' '
17:47:42 **** Clean-only build of project programator_bsp ****
make -k clean 
rm -f microblaze_0/lib/libxil.a
17:47:42 **** Build of project programator_bsp ****
make -k all 
"Running Make include in microblaze_0/libsrc/bram_v4_0/src"
make -C microblaze_0/libsrc/bram_v4_0/src -s include  "SHELL=CMD" "COMPILER=mb-gcc" "ARCHIVER=mb-ar" "COMPILER_FLAGS= -O2 -c -mcpu=v9.5 -mlittle-endian -mxl-soft-mul" "EXTRA_COMPILER_FLAGS=-g"
"Running Make include in microblaze_0/libsrc/cpu_v2_3/src"
make -C microblaze_0/libsrc/cpu_v2_3/src -s include  "SHELL=CMD" "COMPILER=mb-gcc" "ARCHIVER=mb-ar" "COMPILER_FLAGS= -O2 -c -mcpu=v9.5 -mlittle-endian -mxl-soft-mul" "EXTRA_COMPILER_FLAGS=-g"
"Running Make include in microblaze_0/libsrc/gpio_v4_0/src"
make -C microblaze_0/libsrc/gpio_v4_0/src -s include  "SHELL=CMD" "COMPILER=mb-gcc" "ARCHIVER=mb-ar" "COMPILER_FLAGS= -O2 -c -mcpu=v9.5 -mlittle-endian -mxl-soft-mul" "EXTRA_COMPILER_FLAGS=-g"
"Running Make include in microblaze_0/libsrc/intc_v3_3/src"
make -C microblaze_0/libsrc/intc_v3_3/src -s include  "SHELL=CMD" "COMPILER=mb-gcc" "ARCHIVER=mb-ar" "COMPILER_FLAGS= -O2 -c -mcpu=v9.5 -mlittle-endian -mxl-soft-mul" "EXTRA_COMPILER_FLAGS=-g"
"Running Make include in microblaze_0/libsrc/spi_v4_1/src"
make -C microblaze_0/libsrc/spi_v4_1/src -s include  "SHELL=CMD" "COMPILER=mb-gcc" "ARCHIVER=mb-ar" "COMPILER_FLAGS= -O2 -c -mcpu=v9.5 -mlittle-endian -mxl-soft-mul" "EXTRA_COMPILER_FLAGS=-g"
"Running Make include in microblaze_0/libsrc/standalone_v5_1/src"
make -C microblaze_0/libsrc/standalone_v5_1/src -s include  "SHELL=CMD" "COMPILER=mb-gcc" "ARCHIVER=mb-ar" "COMPILER_FLAGS= -O2 -c -mcpu=v9.5 -mlittle-endian -mxl-soft-mul" "EXTRA_COMPILER_FLAGS=-g"
"Running Make include in microblaze_0/libsrc/uartlite_v3_0/src"
make -C microblaze_0/libsrc/uartlite_v3_0/src -s include  "SHELL=CMD" "COMPILER=mb-gcc" "ARCHIVER=mb-ar" "COMPILER_FLAGS= -O2 -c -mcpu=v9.5 -mlittle-endian -mxl-soft-mul" "EXTRA_COMPILER_FLAGS=-g"
"Running Make include in microblaze_0/libsrc/xilisf_v5_2/src"
make -C microblaze_0/libsrc/xilisf_v5_2/src -s include  "SHELL=CMD" "COMPILER=mb-gcc" "ARCHIVER=mb-ar" "COMPILER_FLAGS= -O2 -c -mcpu=v9.5 -mlittle-endian -mxl-soft-mul" "EXTRA_COMPILER_FLAGS=-g"
"Running Make libs in microblaze_0/libsrc/bram_v4_0/src"
make -C microblaze_0/libsrc/bram_v4_0/src -s libs  "SHELL=CMD" "COMPILER=mb-gcc" "ARCHIVER=mb-ar" "COMPILER_FLAGS= -O2 -c -mcpu=v9.5 -mlittle-endian -mxl-soft-mul" "EXTRA_COMPILER_FLAGS=-g"
"Compiling bram"
mb-ar: creating ../../../lib/libxil.a
"Running Make libs in microblaze_0/libsrc/cpu_v2_3/src"
make -C microblaze_0/libsrc/cpu_v2_3/src -s libs  "SHELL=CMD" "COMPILER=mb-gcc" "ARCHIVER=mb-ar" "COMPILER_FLAGS= -O2 -c -mcpu=v9.5 -mlittle-endian -mxl-soft-mul" "EXTRA_COMPILER_FLAGS=-g"
"Compiling cpu"
"Running Make libs in microblaze_0/libsrc/gpio_v4_0/src"
make -C microblaze_0/libsrc/gpio_v4_0/src -s libs  "SHELL=CMD" "COMPILER=mb-gcc" "ARCHIVER=mb-ar" "COMPILER_FLAGS= -O2 -c -mcpu=v9.5 -mlittle-endian -mxl-soft-mul" "EXTRA_COMPILER_FLAGS=-g"
"Compiling gpio"
"Running Make libs in microblaze_0/libsrc/intc_v3_3/src"
[...]
 #define XPAR_AXI_GPIO_0_BASEADDR 0x40000000
                                  ^
../src/main.c:75:26: note: in expansion of macro 'XPAR_AXI_GPIO_0_BASEADDR'
  XGpio_Initialize(&gpio, XPAR_AXI_GPIO_0_BASEADDR);
                          ^
../src/main.c:72:17: warning: unused variable 'len' [-Wunused-variable]
  int Status, i, len, prog_len, k = 1, addr = 0;
                 ^
../src/main.c: At top level:
../src/main.c:142:5: warning: 'IsfWaitForFlashNotBusy' defined but not used [-Wunused-function]
 int IsfWaitForFlashNotBusy(void) {
     ^
'Finished building: ../src/main.c'
' '
'Building target: programator.elf'
'Invoking: MicroBlaze gcc linker'
mb-gcc -Wl,-T -Wl,../src/lscript.ld -L../../programator_bsp/microblaze_0/lib -mlittle-endian -mcpu=v9.5 -mxl-soft-mul -Wl,--no-relax -o "programator.elf"  ./src/main.o ./src/platform.o   -Wl,--start-group,-lxil,-lgcc,-lc,--end-group -Wl,--start-group,-lxilisf,-lxil,-lgcc,-lc,--end-group
'Finished building target: programator.elf'
' '
'Invoking: MicroBlaze Print Size'
mb-size programator.elf  |tee "programator.elf.size"
   text	   data	    bss	    dec	    hex	filename
  23344	    380	   3236	  26960	   6950	programator.elf
'Finished building: programator.elf.size'
' '
21:47:25 **** Incremental Build of configuration Debug for project programator ****
make all 
make: Nie ma nic do zrobienia w `all'.
21:48:07 **** Auto Build of configuration Debug for project programator ****
make all 
'Building file: ../src/main.c'
'Invoking: MicroBlaze gcc compiler'
mb-gcc -Wall -O0 -g3 -c -fmessage-length=0 -MT"src/main.o" -I../../programator_bsp/microblaze_0/include -mlittle-endian -mcpu=v9.5 -mxl-soft-mul -Wl,--no-relax -MMD -MP -MF"src/main.d" -MT"src/main.d" -o "src/main.o" "../src/main.c"
In file included from ../src/main.c:4:0:
../src/main.c: In function 'main':
../../programator_bsp/microblaze_0/include/xparameters.h:497:34: warning: large integer implicitly truncated to unsigned type [-Woverflow]
 #define XPAR_AXI_GPIO_0_BASEADDR 0x40000000
                                  ^
../src/main.c:75:26: note: in expansion of macro 'XPAR_AXI_GPIO_0_BASEADDR'
  XGpio_Initialize(&gpio, XPAR_AXI_GPIO_0_BASEADDR);
                          ^
../src/main.c:72:17: warning: unused variable 'len' [-Wunused-variable]
  int Status, i, len, prog_len, k = 1, addr = 0;
                 ^
../src/main.c: At top level:
../src/main.c:142:5: warning: 'IsfWaitForFlashNotBusy' defined but not used [-Wunused-function]
 int IsfWaitForFlashNotBusy(void) {
     ^
'Finished building: ../src/main.c'
' '
'Building target: programator.elf'
'Invoking: MicroBlaze gcc linker'
mb-gcc -Wl,-T -Wl,../src/lscript.ld -L../../programator_bsp/microblaze_0/lib -mlittle-endian -mcpu=v9.5 -mxl-soft-mul -Wl,--no-relax -o "programator.elf"  ./src/main.o ./src/platform.o   -Wl,--start-group,-lxil,-lgcc,-lc,--end-group -Wl,--start-group,-lxilisf,-lxil,-lgcc,-lc,--end-group
'Finished building target: programator.elf'
' '
'Invoking: MicroBlaze Print Size'
mb-size programator.elf  |tee "programator.elf.size"
   text	   data	    bss	    dec	    hex	filename
  23324	    380	   3240	  26944	   6940	programator.elf
'Finished building: programator.elf.size'
' '
21:48:09 **** Incremental Build of configuration Debug for project programator ****
make all 
make: Nie ma nic do zrobienia w `all'.
21:49:33 **** Auto Build of configuration Debug for project programator ****
make all 
'Building file: ../src/main.c'
'Invoking: MicroBlaze gcc compiler'
mb-gcc -Wall -O0 -g3 -c -fmessage-length=0 -MT"src/main.o" -I../../programator_bsp/microblaze_0/include -mlittle-endian -mcpu=v9.5 -mxl-soft-mul -Wl,--no-relax -MMD -MP -MF"src/main.d" -MT"src/main.d" -o "src/main.o" "../src/main.c"
In file included from ../src/main.c:4:0:
../src/main.c: In function 'main':
../../programator_bsp/microblaze_0/include/xparameters.h:497:34: warning: large integer implicitly truncated to unsigned type [-Woverflow]
 #define XPAR_AXI_GPIO_0_BASEADDR 0x40000000
                                  ^
../src/main.c:74:26: note: in expansion of macro 'XPAR_AXI_GPIO_0_BASEADDR'
  XGpio_Initialize(&gpio, XPAR_AXI_GPIO_0_BASEADDR);
                          ^
../src/main.c:71:17: warning: unused variable 'len' [-Wunused-variable]
  int Status, i, len, prog_len, k = 1, addr = 0;
                 ^
../src/main.c: At top level:
../src/main.c:141:5: warning: 'IsfWaitForFlashNotBusy' defined but not used [-Wunused-function]
 int IsfWaitForFlashNotBusy(void) {
     ^
'Finished building: ../src/main.c'
' '
'Building target: programator.elf'
'Invoking: MicroBlaze gcc linker'
mb-gcc -Wl,-T -Wl,../src/lscript.ld -L../../programator_bsp/microblaze_0/lib -mlittle-endian -mcpu=v9.5 -mxl-soft-mul -Wl,--no-relax -o "programator.elf"  ./src/main.o ./src/platform.o   -Wl,--start-group,-lxil,-lgcc,-lc,--end-group -Wl,--start-group,-lxilisf,-lxil,-lgcc,-lc,--end-group
'Finished building target: programator.elf'
' '
'Invoking: MicroBlaze Print Size'
mb-size programator.elf  |tee "programator.elf.size"
   text	   data	    bss	    dec	    hex	filename
  23324	    380	   2984	  26688	   6840	programator.elf
'Finished building: programator.elf.size'
' '
21:49:41 **** Auto Build of configuration Debug for project programator ****
make all 
'Building file: ../src/main.c'
'Invoking: MicroBlaze gcc compiler'
mb-gcc -Wall -O0 -g3 -c -fmessage-length=0 -MT"src/main.o" -I../../programator_bsp/microblaze_0/include -mlittle-endian -mcpu=v9.5 -mxl-soft-mul -Wl,--no-relax -MMD -MP -MF"src/main.d" -MT"src/main.d" -o "src/main.o" "../src/main.c"
In file included from ../src/main.c:4:0:
../src/main.c: In function 'main':
../../programator_bsp/microblaze_0/include/xparameters.h:497:34: warning: large integer implicitly truncated to unsigned type [-Woverflow]
 #define XPAR_AXI_GPIO_0_BASEADDR 0x40000000
                                  ^
../src/main.c:74:26: note: in expansion of macro 'XPAR_AXI_GPIO_0_BASEADDR'
  XGpio_Initialize(&gpio, XPAR_AXI_GPIO_0_BASEADDR);
                          ^
../src/main.c: At top level:
../src/main.c:141:5: warning: 'IsfWaitForFlashNotBusy' defined but not used [-Wunused-function]
 int IsfWaitForFlashNotBusy(void) {
     ^
'Finished building: ../src/main.c'
' '
'Building target: programator.elf'
'Invoking: MicroBlaze gcc linker'
mb-gcc -Wl,-T -Wl,../src/lscript.ld -L../../programator_bsp/microblaze_0/lib -mlittle-endian -mcpu=v9.5 -mxl-soft-mul -Wl,--no-relax -o "programator.elf"  ./src/main.o ./src/platform.o   -Wl,--start-group,-lxil,-lgcc,-lc,--end-group -Wl,--start-group,-lxilisf,-lxil,-lgcc,-lc,--end-group
'Finished building target: programator.elf'
' '
'Invoking: MicroBlaze Print Size'
mb-size programator.elf  |tee "programator.elf.size"
   text	   data	    bss	    dec	    hex	filename
  23324	    380	   2984	  26688	   6840	programator.elf
'Finished building: programator.elf.size'
' '
21:51:13 **** Incremental Build of configuration Debug for project programator ****
make all 
make: Nie ma nic do zrobienia w `all'.
21:53:52 **** Auto Build of configuration Debug for project programator ****
make all 
'Building file: ../src/main.c'
'Invoking: MicroBlaze gcc compiler'
mb-gcc -Wall -O0 -g3 -c -fmessage-length=0 -MT"src/main.o" -I../../programator_bsp/microblaze_0/include -mlittle-endian -mcpu=v9.5 -mxl-soft-mul -Wl,--no-relax -MMD -MP -MF"src/main.d" -MT"src/main.d" -o "src/main.o" "../src/main.c"
In file included from ../src/main.c:4:0:
../src/main.c: In function 'main':
../../programator_bsp/microblaze_0/include/xparameters.h:497:34: warning: large integer implicitly truncated to unsigned type [-Woverflow]
 #define XPAR_AXI_GPIO_0_BASEADDR 0x40000000
                                  ^
../src/main.c:74:26: note: in expansion of macro 'XPAR_AXI_GPIO_0_BASEADDR'
  XGpio_Initialize(&gpio, XPAR_AXI_GPIO_0_BASEADDR);
                          ^
../src/main.c: At top level:
../src/main.c:141:5: warning: 'IsfWaitForFlashNotBusy' defined but not used [-Wunused-function]
 int IsfWaitForFlashNotBusy(void) {
     ^
'Finished building: ../src/main.c'
' '
'Building target: programator.elf'
'Invoking: MicroBlaze gcc linker'
mb-gcc -Wl,-T -Wl,../src/lscript.ld -L../../programator_bsp/microblaze_0/lib -mlittle-endian -mcpu=v9.5 -mxl-soft-mul -Wl,--no-relax -o "programator.elf"  ./src/main.o ./src/platform.o   -Wl,--start-group,-lxil,-lgcc,-lc,--end-group -Wl,--start-group,-lxilisf,-lxil,-lgcc,-lc,--end-group
'Finished building target: programator.elf'
' '
'Invoking: MicroBlaze Print Size'
mb-size programator.elf  |tee "programator.elf.size"
   text	   data	    bss	    dec	    hex	filename
  23320	    380	   2980	  26680	   6838	programator.elf
'Finished building: programator.elf.size'
' '
21:53:56 **** Incremental Build of configuration Debug for project programator ****
make all 
make: Nie ma nic do zrobienia w `all'.
21:55:20 **** Incremental Build of configuration Debug for project programator ****
make all 
make: Nie ma nic do zrobienia w `all'.
21:57:14 **** Auto Build of configuration Debug for project programator ****
make all 
'Building file: ../src/main.c'
'Invoking: MicroBlaze gcc compiler'
mb-gcc -Wall -O0 -g3 -c -fmessage-length=0 -MT"src/main.o" -I../../programator_bsp/microblaze_0/include -mlittle-endian -mcpu=v9.5 -mxl-soft-mul -Wl,--no-relax -MMD -MP -MF"src/main.d" -MT"src/main.d" -o "src/main.o" "../src/main.c"
In file included from ../src/main.c:4:0:
../src/main.c: In function 'main':
../../programator_bsp/microblaze_0/include/xparameters.h:497:34: warning: large integer implicitly truncated to unsigned type [-Woverflow]
 #define XPAR_AXI_GPIO_0_BASEADDR 0x40000000
                                  ^
../src/main.c:74:26: note: in expansion of macro 'XPAR_AXI_GPIO_0_BASEADDR'
  XGpio_Initialize(&gpio, XPAR_AXI_GPIO_0_BASEADDR);
                          ^
../src/main.c: At top level:
../src/main.c:141:5: warning: 'IsfWaitForFlashNotBusy' defined but not used [-Wunused-function]
 int IsfWaitForFlashNotBusy(void) {
     ^
'Finished building: ../src/main.c'
' '
'Building target: programator.elf'
'Invoking: MicroBlaze gcc linker'
mb-gcc -Wl,-T -Wl,../src/lscript.ld -L../../programator_bsp/microblaze_0/lib -mlittle-endian -mcpu=v9.5 -mxl-soft-mul -Wl,--no-relax -o "programator.elf"  ./src/main.o ./src/platform.o   -Wl,--start-group,-lxil,-lgcc,-lc,--end-group -Wl,--start-group,-lxilisf,-lxil,-lgcc,-lc,--end-group
'Finished building target: programator.elf'
' '
'Invoking: MicroBlaze Print Size'
mb-size programator.elf  |tee "programator.elf.size"
   text	   data	    bss	    dec	    hex	filename
  23320	    380	   2980	  26680	   6838	programator.elf
'Finished building: programator.elf.size'
' '
22:16:42 **** Clean-only build of configuration Release for project programator ****
make clean 
rm -rf  ./src/main.o ./src/platform.o  ./src/main.d ./src/platform.d  programator.elf.size  programator.elf
' '
22:16:42 **** Auto Build of configuration Release for project programator ****
make all 
'Building file: ../src/main.c'
'Invoking: MicroBlaze gcc compiler'
mb-gcc -Wall -O2 -c -fmessage-length=0 -MT"src/main.o" -I../../programator_bsp/microblaze_0/include -mlittle-endian -mcpu=v9.5 -mxl-soft-mul -Wl,--no-relax -MMD -MP -MF"src/main.d" -MT"src/main.d" -o "src/main.o" "../src/main.c"
In file included from ../src/main.c:4:0:
../src/main.c: In function 'main':
../../programator_bsp/microblaze_0/include/xparameters.h:497:34: warning: large integer implicitly truncated to unsigned type [-Woverflow]
 #define XPAR_AXI_GPIO_0_BASEADDR 0x40000000
                                  ^
../src/main.c:74:26: note: in expansion of macro 'XPAR_AXI_GPIO_0_BASEADDR'
  XGpio_Initialize(&gpio, XPAR_AXI_GPIO_0_BASEADDR);
                          ^
../src/main.c: At top level:
../src/main.c:141:5: warning: 'IsfWaitForFlashNotBusy' defined but not used [-Wunused-function]
 int IsfWaitForFlashNotBusy(void) {
     ^
'Finished building: ../src/main.c'
' '
'Building file: ../src/platform.c'
'Invoking: MicroBlaze gcc compiler'
mb-gcc -Wall -O2 -c -fmessage-length=0 -MT"src/platform.o" -I../../programator_bsp/microblaze_0/include -mlittle-endian -mcpu=v9.5 -mxl-soft-mul -Wl,--no-relax -MMD -MP -MF"src/platform.d" -MT"src/platform.d" -o "src/platform.o" "../src/platform.c"
'Finished building: ../src/platform.c'
' '
'Building target: programator.elf'
'Invoking: MicroBlaze gcc linker'
mb-gcc -Wl,-T -Wl,../src/lscript.ld -L../../programator_bsp/microblaze_0/lib -mlittle-endian -mcpu=v9.5 -mxl-soft-mul -Wl,--no-relax -o "programator.elf"  ./src/main.o ./src/platform.o   -Wl,--start-group,-lxil,-lgcc,-lc,--end-group
./src/main.o: In function `main':
(.text.startup+0xc8): undefined reference to `XIsf_Initialize'
./src/main.o: In function `main':
(.text.startup+0x108): undefined reference to `XIsf_Read'
./src/main.o: In function `main':
(.text.startup+0x240): undefined reference to `XIsf_Read'
collect2.exe: error: ld returned 1 exit status
make: *** [programator.elf] B³¹d 1
22:16:55 **** Clean-only build of configuration Release for project programator ****
make clean 
rm -rf  ./src/main.o ./src/platform.o  ./src/main.d ./src/platform.d  programator.elf.size  programator.elf
' '
22:16:55 **** Clean-only build of project programator_bsp ****
make -k clean 
rm -f microblaze_0/lib/libxil.a
22:16:55 **** Build of project programator_bsp ****
make -k all 
"Running Make include in microblaze_0/libsrc/bram_v4_0/src"
make -C microblaze_0/libsrc/bram_v4_0/src -s include  "SHELL=CMD" "COMPILER=mb-gcc" "ARCHIVER=mb-ar" "COMPILER_FLAGS= -O2 -c -mcpu=v9.5 -mlittle-endian -mxl-soft-mul" "EXTRA_COMPILER_FLAGS=-g"
"Running Make include in microblaze_0/libsrc/cpu_v2_3/src"
make -C microblaze_0/libsrc/cpu_v2_3/src -s include  "SHELL=CMD" "COMPILER=mb-gcc" "ARCHIVER=mb-ar" "COMPILER_FLAGS= -O2 -c -mcpu=v9.5 -mlittle-endian -mxl-soft-mul" "EXTRA_COMPILER_FLAGS=-g"
"Running Make include in microblaze_0/libsrc/gpio_v4_0/src"
make -C microblaze_0/libsrc/gpio_v4_0/src -s include  "SHELL=CMD" "COMPILER=mb-gcc" "ARCHIVER=mb-ar" "COMPILER_FLAGS= -O2 -c -mcpu=v9.5 -mlittle-endian -mxl-soft-mul" "EXTRA_COMPILER_FLAGS=-g"
"Running Make include in microblaze_0/libsrc/intc_v3_3/src"
make -C microblaze_0/libsrc/intc_v3_3/src -s include  "SHELL=CMD" "COMPILER=mb-gcc" "ARCHIVER=mb-ar" "COMPILER_FLAGS= -O2 -c -mcpu=v9.5 -mlittle-endian -mxl-soft-mul" "EXTRA_COMPILER_FLAGS=-g"
"Running Make include in microblaze_0/libsrc/spi_v4_1/src"
make -C microblaze_0/libsrc/spi_v4_1/src -s include  "SHELL=CMD" "COMPILER=mb-gcc" "ARCHIVER=mb-ar" "COMPILER_FLAGS= -O2 -c -mcpu=v9.5 -mlittle-endian -mxl-soft-mul" "EXTRA_COMPILER_FLAGS=-g"
"Running Make include in microblaze_0/libsrc/standalone_v5_1/src"
make -C microblaze_0/libsrc/standalone_v5_1/src -s include  "SHELL=CMD" "COMPILER=mb-gcc" "ARCHIVER=mb-ar" "COMPILER_FLAGS= -O2 -c -mcpu=v9.5 -mlittle-endian -mxl-soft-mul" "EXTRA_COMPILER_FLAGS=-g"
"Running Make include in microblaze_0/libsrc/uartlite_v3_0/src"
make -C microblaze_0/libsrc/uartlite_v3_0/src -s include  "SHELL=CMD" "COMPILER=mb-gcc" "ARCHIVER=mb-ar" "COMPILER_FLAGS= -O2 -c -mcpu=v9.5 -mlittle-endian -mxl-soft-mul" "EXTRA_COMPILER_FLAGS=-g"
"Running Make include in microblaze_0/libsrc/xilisf_v5_2/src"
make -C microblaze_0/libsrc/xilisf_v5_2/src -s include  "SHELL=CMD" "COMPILER=mb-gcc" "ARCHIVER=mb-ar" "COMPILER_FLAGS= -O2 -c -mcpu=v9.5 -mlittle-endian -mxl-soft-mul" "EXTRA_COMPILER_FLAGS=-g"
"Running Make libs in microblaze_0/libsrc/bram_v4_0/src"
make -C microblaze_0/libsrc/bram_v4_0/src -s libs  "SHELL=CMD" "COMPILER=mb-gcc" "ARCHIVER=mb-ar" "COMPILER_FLAGS= -O2 -c -mcpu=v9.5 -mlittle-endian -mxl-soft-mul" "EXTRA_COMPILER_FLAGS=-g"
"Compiling bram"
mb-ar: creating ../../../lib/libxil.a
"Running Make libs in microblaze_0/libsrc/cpu_v2_3/src"
make -C microblaze_0/libsrc/cpu_v2_3/src -s libs  "SHELL=CMD" "COMPILER=mb-gcc" "ARCHIVER=mb-ar" "COMPILER_FLAGS= -O2 -c -mcpu=v9.5 -mlittle-endian -mxl-soft-mul" "EXTRA_COMPILER_FLAGS=-g"
"Compiling cpu"
"Running Make libs in microblaze_0/libsrc/gpio_v4_0/src"
make -C microblaze_0/libsrc/gpio_v4_0/src -s libs  "SHELL=CMD" "COMPILER=mb-gcc" "ARCHIVER=mb-ar" "COMPILER_FLAGS= -O2 -c -mcpu=v9.5 -mlittle-endian -mxl-soft-mul" "EXTRA_COMPILER_FLAGS=-g"
"Compiling gpio"
"Running Make libs in microblaze_0/libsrc/intc_v3_3/src"
make -C microblaze_0/libsrc/intc_v3_3/src -s libs  "SHELL=CMD" "COMPILER=mb-gcc" "ARCHIVER=mb-ar" "COMPILER_FLAGS= -O2 -c -mcpu=v9.5 -mlittle-endian -mxl-soft-mul" "EXTRA_COMPILER_FLAGS=-g"
"Compiling intc"
"Running Make libs in microblaze_0/libsrc/spi_v4_1/src"
make -C microblaze_0/libsrc/spi_v4_1/src -s libs  "SHELL=CMD" "COMPILER=mb-gcc" "ARCHIVER=mb-ar" "COMPILER_FLAGS= -O2 -c -mcpu=v9.5 -mlittle-endian -mxl-soft-mul" "EXTRA_COMPILER_FLAGS=-g"
"Compiling spi"
"Running Make libs in microblaze_0/libsrc/standalone_v5_1/src"
make -C microblaze_0/libsrc/standalone_v5_1/src -s libs  "SHELL=CMD" "COMPILER=mb-gcc" "ARCHIVER=mb-ar" "COMPILER_FLAGS= -O2 -c -mcpu=v9.5 -mlittle-endian -mxl-soft-mul" "EXTRA_COMPILER_FLAGS=-g"
"Compiling standalone";
"Running Make libs in microblaze_0/libsrc/uartlite_v3_0/src"
make -C microblaze_0/libsrc/uartlite_v3_0/src -s libs  "SHELL=CMD" "COMPILER=mb-gcc" "ARCHIVER=mb-ar" "COMPILER_FLAGS= -O2 -c -mcpu=v9.5 -mlittle-endian -mxl-soft-mul" "EXTRA_COMPILER_FLAGS=-g"
"Compiling uartlite"
"Running Make libs in microblaze_0/libsrc/xilisf_v5_2/src"
make -C microblaze_0/libsrc/xilisf_v5_2/src -s libs  "SHELL=CMD" "COMPILER=mb-gcc" "ARCHIVER=mb-ar" "COMPILER_FLAGS= -O2 -c -mcpu=v9.5 -mlittle-endian -mxl-soft-mul" "EXTRA_COMPILER_FLAGS=-g"
"Compiling XilIsf Library"
xilisf.c: In function 'XIsf_RegisterInterface':
xilisf.c:1165:41: warning: assignment from incompatible pointer type
  InstancePtr->XIsf_Iface_SetSlaveSelect = XSpi_SetSlaveSelect;
                                         ^
"Creating archive libxilisf.a"
'Finished building libraries'
22:17:03 **** Build of configuration Release for project programator ****
make all 
'Building file: ../src/main.c'
'Invoking: MicroBlaze gcc compiler'
mb-gcc -Wall -O2 -c -fmessage-length=0 -MT"src/main.o" -I../../programator_bsp/microblaze_0/include -mlittle-endian -mcpu=v9.5 -mxl-soft-mul -Wl,--no-relax -MMD -MP -MF"src/main.d" -MT"src/main.d" -o "src/main.o" "../src/main.c"
In file included from ../src/main.c:4:0:
../src/main.c: In function 'main':
../../programator_bsp/microblaze_0/include/xparameters.h:497:34: warning: large integer implicitly truncated to unsigned type [-Woverflow]
 #define XPAR_AXI_GPIO_0_BASEADDR 0x40000000
                                  ^
../src/main.c:74:26: note: in expansion of macro 'XPAR_AXI_GPIO_0_BASEADDR'
  XGpio_Initialize(&gpio, XPAR_AXI_GPIO_0_BASEADDR);
                          ^
../src/main.c: At top level:
../src/main.c:141:5: warning: 'IsfWaitForFlashNotBusy' defined but not used [-Wunused-function]
 int IsfWaitForFlashNotBusy(void) {
     ^
'Finished building: ../src/main.c'
' '
'Building file: ../src/platform.c'
'Invoking: MicroBlaze gcc compiler'
mb-gcc -Wall -O2 -c -fmessage-length=0 -MT"src/platform.o" -I../../programator_bsp/microblaze_0/include -mlittle-endian -mcpu=v9.5 -mxl-soft-mul -Wl,--no-relax -MMD -MP -MF"src/platform.d" -MT"src/platform.d" -o "src/platform.o" "../src/platform.c"
'Finished building: ../src/platform.c'
' '
'Building target: programator.elf'
'Invoking: MicroBlaze gcc linker'
mb-gcc -Wl,-T -Wl,../src/lscript.ld -L../../programator_bsp/microblaze_0/lib -mlittle-endian -mcpu=v9.5 -mxl-soft-mul -Wl,--no-relax -o "programator.elf"  ./src/main.o ./src/platform.o   -Wl,--start-group,-lxil,-lgcc,-lc,--end-group
./src/main.o: In function `main':
(.text.startup+0xc8): undefined reference to `XIsf_Initialize'
./src/main.o: In function `main':
(.text.startup+0x108): undefined reference to `XIsf_Read'
./src/main.o: In function `main':
(.text.startup+0x240): undefined reference to `XIsf_Read'
collect2.exe: error: ld returned 1 exit status
make: *** [programator.elf] B³¹d 1
